Archive member included to satisfy reference by file (symbol)

freertos/libfreertos.a(tasks.c.o)
                              CMakeFiles/PicoDock_TFT_Resistive_Example.dir/main.c.o (xTaskCreate)
freertos/libfreertos.a(timers.c.o)
                              freertos/libfreertos.a(tasks.c.o) (xTimerCreateTimerTask)
freertos/libfreertos.a(heap_3.c.o)
                              freertos/libfreertos.a(tasks.c.o) (pvPortMalloc)
freertos/libfreertos.a(port.c.o)
                              freertos/libfreertos.a(tasks.c.o) (pxPortInitialiseStack)
freertos/libfreertos.a(list.c.o)
                              freertos/libfreertos.a(tasks.c.o) (vListInitialise)
freertos/libfreertos.a(queue.c.o)
                              freertos/libfreertos.a(timers.c.o) (xQueueGenericCreate)
/home/felipe/.pico-sdk/toolchain/14_2_Rel1/bin/../lib/gcc/arm-none-eabi/14.2.1/thumb/v6-m/nofp/libgcc.a(_dvmd_tls.o)
                              CMakeFiles/PicoDock_TFT_Resistive_Example.dir/home/felipe/.pico-sdk/sdk/2.1.1/src/rp2_common/pico_divider/divider_hardware.S.o (__aeabi_idiv0)
/home/felipe/.pico-sdk/toolchain/14_2_Rel1/bin/../lib/gcc/arm-none-eabi/14.2.1/../../../../arm-none-eabi/lib/thumb/v6-m/nofp/libg.a(libc_a-calloc.o)
                              CMakeFiles/PicoDock_TFT_Resistive_Example.dir/home/felipe/.pico-sdk/sdk/2.1.1/src/rp2_common/pico_malloc/malloc.c.o (calloc)
/home/felipe/.pico-sdk/toolchain/14_2_Rel1/bin/../lib/gcc/arm-none-eabi/14.2.1/../../../../arm-none-eabi/lib/thumb/v6-m/nofp/libg.a(libc_a-callocr.o)
                              /home/felipe/.pico-sdk/toolchain/14_2_Rel1/bin/../lib/gcc/arm-none-eabi/14.2.1/../../../../arm-none-eabi/lib/thumb/v6-m/nofp/libg.a(libc_a-calloc.o) (_calloc_r)
/home/felipe/.pico-sdk/toolchain/14_2_Rel1/bin/../lib/gcc/arm-none-eabi/14.2.1/../../../../arm-none-eabi/lib/thumb/v6-m/nofp/libg.a(libc_a-malloc.o)
                              CMakeFiles/PicoDock_TFT_Resistive_Example.dir/home/felipe/.pico-sdk/sdk/2.1.1/src/rp2_common/pico_malloc/malloc.c.o (malloc)
/home/felipe/.pico-sdk/toolchain/14_2_Rel1/bin/../lib/gcc/arm-none-eabi/14.2.1/../../../../arm-none-eabi/lib/thumb/v6-m/nofp/libg.a(libc_a-mallocr.o)
                              /home/felipe/.pico-sdk/toolchain/14_2_Rel1/bin/../lib/gcc/arm-none-eabi/14.2.1/../../../../arm-none-eabi/lib/thumb/v6-m/nofp/libg.a(libc_a-callocr.o) (_malloc_r)
/home/felipe/.pico-sdk/toolchain/14_2_Rel1/bin/../lib/gcc/arm-none-eabi/14.2.1/../../../../arm-none-eabi/lib/thumb/v6-m/nofp/libg.a(libc_a-mlock.o)
                              /home/felipe/.pico-sdk/toolchain/14_2_Rel1/bin/../lib/gcc/arm-none-eabi/14.2.1/../../../../arm-none-eabi/lib/thumb/v6-m/nofp/libg.a(libc_a-mallocr.o) (__malloc_lock)
/home/felipe/.pico-sdk/toolchain/14_2_Rel1/bin/../lib/gcc/arm-none-eabi/14.2.1/../../../../arm-none-eabi/lib/thumb/v6-m/nofp/libg.a(libc_a-realloc.o)
                              CMakeFiles/PicoDock_TFT_Resistive_Example.dir/home/felipe/.pico-sdk/sdk/2.1.1/src/rp2_common/pico_malloc/malloc.c.o (realloc)
/home/felipe/.pico-sdk/toolchain/14_2_Rel1/bin/../lib/gcc/arm-none-eabi/14.2.1/../../../../arm-none-eabi/lib/thumb/v6-m/nofp/libg.a(libc_a-reallocr.o)
                              /home/felipe/.pico-sdk/toolchain/14_2_Rel1/bin/../lib/gcc/arm-none-eabi/14.2.1/../../../../arm-none-eabi/lib/thumb/v6-m/nofp/libg.a(libc_a-realloc.o) (_realloc_r)
/home/felipe/.pico-sdk/toolchain/14_2_Rel1/bin/../lib/gcc/arm-none-eabi/14.2.1/../../../../arm-none-eabi/lib/thumb/v6-m/nofp/libg.a(libc_a-vsprintf.o)
                              CMakeFiles/PicoDock_TFT_Resistive_Example.dir/tft_lcd_ili9341/gfx/gfx.c.o (vsprintf)
/home/felipe/.pico-sdk/toolchain/14_2_Rel1/bin/../lib/gcc/arm-none-eabi/14.2.1/../../../../arm-none-eabi/lib/thumb/v6-m/nofp/libg.a(libc_a-memcmp.o)
                              CMakeFiles/PicoDock_TFT_Resistive_Example.dir/home/felipe/.pico-sdk/sdk/2.1.1/src/rp2_common/pico_atomic/atomic.c.o (memcmp)
/home/felipe/.pico-sdk/toolchain/14_2_Rel1/bin/../lib/gcc/arm-none-eabi/14.2.1/../../../../arm-none-eabi/lib/thumb/v6-m/nofp/libg.a(libc_a-memmove.o)
                              /home/felipe/.pico-sdk/toolchain/14_2_Rel1/bin/../lib/gcc/arm-none-eabi/14.2.1/../../../../arm-none-eabi/lib/thumb/v6-m/nofp/libg.a(libc_a-reallocr.o) (memmove)
/home/felipe/.pico-sdk/toolchain/14_2_Rel1/bin/../lib/gcc/arm-none-eabi/14.2.1/../../../../arm-none-eabi/lib/thumb/v6-m/nofp/libg.a(libc_a-lcltime_r.o)
                              CMakeFiles/PicoDock_TFT_Resistive_Example.dir/home/felipe/.pico-sdk/sdk/2.1.1/src/common/pico_util/datetime.c.o (localtime_r)
/home/felipe/.pico-sdk/toolchain/14_2_Rel1/bin/../lib/gcc/arm-none-eabi/14.2.1/../../../../arm-none-eabi/lib/thumb/v6-m/nofp/libg.a(libc_a-mktime.o)
                              CMakeFiles/PicoDock_TFT_Resistive_Example.dir/home/felipe/.pico-sdk/sdk/2.1.1/src/common/pico_util/datetime.c.o (mktime)
[...]
Memory Configuration

Name             Origin             Length             Attributes
FLASH            0x10000000         0x00200000         xr
RAM              0x20000000         0x00040000         xrw
SCRATCH_X        0x20040000         0x00001000         xrw
SCRATCH_Y        0x20041000         0x00001000         xrw
*default*        0x00000000         0xffffffff

Linker script and memory map

LOAD /home/felipe/.pico-sdk/toolchain/14_2_Rel1/bin/../lib/gcc/arm-none-eabi/14.2.1/thumb/v6-m/nofp/crti.o
LOAD /home/felipe/.pico-sdk/toolchain/14_2_Rel1/bin/../lib/gcc/arm-none-eabi/14.2.1/thumb/v6-m/nofp/crtbegin.o
LOAD /home/felipe/.pico-sdk/toolchain/14_2_Rel1/bin/../lib/gcc/arm-none-eabi/14.2.1/../../../../arm-none-eabi/lib/thumb/v6-m/nofp/crt0.o

.flash_begin    0x10000000        0x0
                0x10000000                        __flash_binary_start = .

.boot2          0x10000000      0x100
                0x10000000                        __boot2_start__ = .
 *(.boot2)
 .boot2         0x10000000      0x100 pico-sdk/src/rp2040/boot_stage2/CMakeFiles/bs2_default_library.dir/./bs2_default_padded_checksummed.S.o
                0x10000100                        __boot2_end__ = .
                0x00000001                        ASSERT (((__boot2_end__ - __boot2_start__) == 0x100), ERROR: Pico second stage bootloader must be 256 bytes in size)

.text           0x10000100     0xdd90
                0x10000100                        __logical_binary_start = .
 *(.vectors)
 .vectors       0x10000100       0xd4 CMakeFiles/PicoDock_TFT_Resistive_Example.dir/home/felipe/.pico-sdk/sdk/2.1.1/src/rp2_common/pico_crt0/crt0.S.o
                0x10000100                __vectors
                0x10000100                __VECTOR_TABLE
                0x100001c0                isr_invalid
                0x100001c0                __default_isrs_start
                0x100001c2                isr_nmi
                0x100001c4                isr_hardfault
                0x100001cc                isr_irq30
                0x100001cc                __unhandled_user_irq
                0x100001cc                isr_irq13
                0x100001cc                isr_irq27
                0x100001cc                isr_irq31
                0x100001cc                isr_irq5
                0x100001cc                isr_irq11
                0x100001cc                isr_irq23
                0x100001cc                isr_irq18
                0x100001cc                isr_irq28
                0x100001cc                isr_irq19
                0x100001cc                isr_irq0
                0x100001cc                isr_irq6
                0x100001cc                isr_irq22
                0x100001cc                isr_irq17
                0x100001cc                isr_irq14
                0x100001cc                isr_irq2
                0x100001cc                isr_irq10
                0x100001cc                isr_irq8
                0x100001cc                isr_irq24
                0x100001cc                isr_irq1
                0x100001cc                isr_irq7
                0x100001cc                isr_irq21
                0x100001cc                isr_irq20
                0x100001cc                isr_irq15
                0x100001cc                isr_irq25
                0x100001cc                isr_irq4
                0x100001cc                isr_irq16
                0x100001cc                isr_irq29
                0x100001cc                isr_irq26
                0x100001cc                __default_isrs_end
                0x100001cc                isr_irq3
                0x100001cc                isr_irq12
                0x100001cc                isr_irq9
                0x100001d2                unhandled_user_irq_num_in_r0
 *(.binary_info_header)
 .binary_info_header
                0x100001d4       0x14 CMakeFiles/PicoDock_TFT_Resistive_Example.dir/home/felipe/.pico-sdk/sdk/2.1.1/src/rp2_common/pico_crt0/crt0.S.o
                0x100001e8                        __binary_info_header_end = .
 *(.embedded_block)
                0x100001e8                        __embedded_block_end = .
 *(.reset)
 .reset         0x100001e8       0x9c CMakeFiles/PicoDock_TFT_Resistive_Example.dir/home/felipe/.pico-sdk/sdk/2.1.1/src/rp2_common/pico_crt0/crt0.S.o
                0x100001e8                _entry_point
 *(.init)
 .init          0x10000284        0x4 /home/felipe/.pico-sdk/toolchain/14_2_Rel1/bin/../lib/gcc/arm-none-eabi/14.2.1/thumb/v6-m/nofp/crti.o
                0x10000284                _init
 *(EXCLUDE_FILE(*libm.a: *libc.a:*lib_a-mem*.o *libgcc.a:) .text*)
 .text.register_tm_clones
                0x10000288       0x28 /home/felipe/.pico-sdk/toolchain/14_2_Rel1/bin/../lib/gcc/arm-none-eabi/14.2.1/thumb/v6-m/nofp/crtbegin.o
 .text.frame_dummy
                0x100002b0       0x24 /home/felipe/.pico-sdk/toolchain/14_2_Rel1/bin/../lib/gcc/arm-none-eabi/14.2.1/thumb/v6-m/nofp/crtbegin.o
 .text.rotate_head_once
                0x100002d4       0x50 CMakeFiles/PicoDock_TFT_Resistive_Example.dir/main.c.o
                0x100002d4                rotate_head_once
 .text.task_display
                0x10000324      0x55c CMakeFiles/PicoDock_TFT_Resistive_Example.dir/main.c.o
                0x10000324                task_display
 .text.startup.main
                0x10000880       0x40 CMakeFiles/PicoDock_TFT_Resistive_Example.dir/main.c.o
                0x10000880                main
 .text.GFX_clearScreen
                0x100008c0      0x1f8 CMakeFiles/PicoDock_TFT_Resistive_Example.dir/tft_lcd_ili9341/gfx/gfx.c.o
                0x100008c0                GFX_clearScreen
 .text.GFX_drawLine
                0x10000ab8      0x31c CMakeFiles/PicoDock_TFT_Resistive_Example.dir/tft_lcd_ili9341/gfx/gfx.c.o
                0x10000ab8                GFX_drawLine
 .text.GFX_drawChar
                0x10000dd4      0x77c CMakeFiles/PicoDock_TFT_Resistive_Example.dir/tft_lcd_ili9341/gfx/gfx.c.o
                0x10000dd4                GFX_drawChar
 .text.GFX_setCursor
                0x10001550       0x14 CMakeFiles/PicoDock_TFT_Resistive_Example.dir/tft_lcd_ili9341/gfx/gfx.c.o
                0x10001550                GFX_setCursor
 .text.GFX_printf
                0x10001564      0x21c CMakeFiles/PicoDock_TFT_Resistive_Example.dir/tft_lcd_ili9341/gfx/gfx.c.o
                0x10001564                GFX_printf
 .text.GFX_createFramebuf
                0x10001780       0x24 CMakeFiles/PicoDock_TFT_Resistive_Example.dir/tft_lcd_ili9341/gfx/gfx.c.o
                0x10001780                GFX_createFramebuf
 .text.GFX_flush
                0x100017a4       0x38 CMakeFiles/PicoDock_TFT_Resistive_Example.dir/tft_lcd_ili9341/gfx/gfx.c.o
                0x100017a4                GFX_flush
 .text.initSPI  0x100017dc       0xac CMakeFiles/PicoDock_TFT_Resistive_Example.dir/tft_lcd_ili9341/ili9341/ili9341.c.o
                0x100017dc                initSPI
 .text.LCD_initDisplay
                0x10001888      0x1d4 CMakeFiles/PicoDock_TFT_Resistive_Example.dir/tft_lcd_ili9341/ili9341/ili9341.c.o
                0x10001888                LCD_initDisplay
 .text.LCD_setRotation
                0x10001a5c      0x120 CMakeFiles/PicoDock_TFT_Resistive_Example.dir/tft_lcd_ili9341/ili9341/ili9341.c.o
                0x10001a5c                LCD_setRotation
 .text.LCD_WriteBitmap
                0x10001b7c      0x1d4 CMakeFiles/PicoDock_TFT_Resistive_Example.dir/tft_lcd_ili9341/ili9341/ili9341.c.o
                0x10001b7c                LCD_WriteBitmap
 .text.LCD_WritePixel
                0x10001d50      0x1c8 CMakeFiles/PicoDock_TFT_Resistive_Example.dir/tft_lcd_ili9341/ili9341/ili9341.c.o
                0x10001d50                LCD_WritePixel
 .text.gpio_set_function
                0x10001f18       0x34 CMakeFiles/PicoDock_TFT_Resistive_Example.dir/home/felipe/.pico-sdk/sdk/2.1.1/src/rp2_common/hardware_gpio/gpio.c.o
                0x10001f18                gpio_set_function
 .text.gpio_set_pulls
                0x10001f4c       0x28 CMakeFiles/PicoDock_TFT_Resistive_Example.dir/home/felipe/.pico-sdk/sdk/2.1.1/src/rp2_common/hardware_gpio/gpio.c.o
                0x10001f4c                gpio_set_pulls
 .text.gpio_set_input_enabled
                0x10001f74       0x28 CMakeFiles/PicoDock_TFT_Resistive_Example.dir/home/felipe/.pico-sdk/sdk/2.1.1/src/rp2_common/hardware_gpio/gpio.c.o
                0x10001f74                gpio_set_input_enabled
 .text.gpio_init
                0x10001f9c       0x40 CMakeFiles/PicoDock_TFT_Resistive_Example.dir/home/felipe/.pico-sdk/sdk/2.1.1/src/rp2_common/hardware_gpio/gpio.c.o
                0x10001f9c                gpio_init
 .text.panic    0x10001fdc       0x30 CMakeFiles/PicoDock_TFT_Resistive_Example.dir/home/felipe/.pico-sdk/sdk/2.1.1/src/rp2_common/pico_platform_panic/panic.c.o
                0x10001fdc                panic
 .text.hw_claim_or_assert
                0x1000200c       0x44 CMakeFiles/PicoDock_TFT_Resistive_Example.dir/home/felipe/.pico-sdk/sdk/2.1.1/src/common/hardware_claim/claim.c.o
                0x1000200c                hw_claim_or_assert
 .text.next_striped_spin_lock_num
                0x10002050       0x18 CMakeFiles/PicoDock_TFT_Resistive_Example.dir/home/felipe/.pico-sdk/sdk/2.1.1/src/rp2_common/hardware_sync/sync.c.o
                0x10002050                next_striped_spin_lock_num
 .text.spin_locks_reset
                0x10002068       0x1c CMakeFiles/PicoDock_TFT_Resistive_Example.dir/home/felipe/.pico-sdk/sdk/2.1.1/src/rp2_common/hardware_sync_spin_lock/sync_spin_lock.c.o
                0x10002068                spin_locks_reset
 .text.runtime_init_per_core_irq_priorities
                0x10002084       0x24 CMakeFiles/PicoDock_TFT_Resistive_Example.dir/home/felipe/.pico-sdk/sdk/2.1.1/src/rp2_common/hardware_irq/irq.c.o
                0x10002084                runtime_init_per_core_irq_priorities
 .text.irq_set_enabled
                0x100020a8       0x24 CMakeFiles/PicoDock_TFT_Resistive_Example.dir/home/felipe/.pico-sdk/sdk/2.1.1/src/rp2_common/hardware_irq/irq.c.o
                0x100020a8                irq_set_enabled
 .text.irq_set_exclusive_handler
                0x100020cc       0x54 CMakeFiles/PicoDock_TFT_Resistive_Example.dir/home/felipe/.pico-sdk/sdk/2.1.1/src/rp2_common/hardware_irq/irq.c.o
                0x100020cc                irq_set_exclusive_handler
 .text.irq_remove_handler
                0x10002120      0x1d4 CMakeFiles/PicoDock_TFT_Resistive_Example.dir/home/felipe/.pico-sdk/sdk/2.1.1/src/rp2_common/hardware_irq/irq.c.o
                0x10002120                irq_remove_handler
 .text.irq_add_tail_to_free_list
                0x100022f4       0xb4 CMakeFiles/PicoDock_TFT_Resistive_Example.dir/home/felipe/.pico-sdk/sdk/2.1.1/src/rp2_common/hardware_irq/irq.c.o
                0x100022f4                irq_add_tail_to_free_list
 .text.lock_init
                0x100023a8       0x10 CMakeFiles/PicoDock_TFT_Resistive_Example.dir/home/felipe/.pico-sdk/sdk/2.1.1/src/common/pico_sync/lock_core.c.o
                0x100023a8                lock_init
 .text.runtime_init_mutex
                0x100023b8       0x50 CMakeFiles/PicoDock_TFT_Resistive_Example.dir/home/felipe/.pico-sdk/sdk/2.1.1/src/common/pico_sync/mutex.c.o
                0x100023b8                runtime_init_mutex
 .text.sleep_until_callback
                0x10002408       0x30 CMakeFiles/PicoDock_TFT_Resistive_Example.dir/home/felipe/.pico-sdk/sdk/2.1.1/src/common/pico_time/time.c.o
 .text.alarm_pool_irq_handler
                0x10002438      0x300 CMakeFiles/PicoDock_TFT_Resistive_Example.dir/home/felipe/.pico-sdk/sdk/2.1.1/src/common/pico_time/time.c.o
 .text.runtime_init_default_alarm_pool
                0x10002738       0xdc CMakeFiles/PicoDock_TFT_Resistive_Example.dir/home/felipe/.pico-sdk/sdk/2.1.1/src/common/pico_time/time.c.o
                0x10002738                runtime_init_default_alarm_pool
 .text.alarm_pool_add_alarm_at_force_in_context
                0x10002814       0xb0 CMakeFiles/PicoDock_TFT_Resistive_Example.dir/home/felipe/.pico-sdk/sdk/2.1.1/src/common/pico_time/time.c.o
                0x10002814                alarm_pool_add_alarm_at_force_in_context
 .text.alarm_pool_cancel_alarm
                0x100028c4       0x74 CMakeFiles/PicoDock_TFT_Resistive_Example.dir/home/felipe/.pico-sdk/sdk/2.1.1/src/common/pico_time/time.c.o
                0x100028c4                alarm_pool_cancel_alarm
 .text.sleep_ms
                0x10002938       0xfc CMakeFiles/PicoDock_TFT_Resistive_Example.dir/home/felipe/.pico-sdk/sdk/2.1.1/src/common/pico_time/time.c.o
                0x10002938                sleep_ms
 .text.best_effort_wfe_or_timeout
                0x10002a34      0x10c CMakeFiles/PicoDock_TFT_Resistive_Example.dir/home/felipe/.pico-sdk/sdk/2.1.1/src/common/pico_time/time.c.o
                0x10002a34                best_effort_wfe_or_timeout
 .text.timer_hardware_alarm_claim
                0x10002b40       0x14 CMakeFiles/PicoDock_TFT_Resistive_Example.dir/home/felipe/.pico-sdk/sdk/2.1.1/src/rp2_common/hardware_timer/timer.c.o
                0x10002b40                timer_hardware_alarm_claim
 .text.timer_time_us_64
                0x10002b54       0x10 CMakeFiles/PicoDock_TFT_Resistive_Example.dir/home/felipe/.pico-sdk/sdk/2.1.1/src/rp2_common/hardware_timer/timer.c.o
                0x10002b54                timer_time_us_64
 .text.time_us_64
                0x10002b64       0x14 CMakeFiles/PicoDock_TFT_Resistive_Example.dir/home/felipe/.pico-sdk/sdk/2.1.1/src/rp2_common/hardware_timer/timer.c.o
                0x10002b64                time_us_64
 .text.busy_wait_us
                0x10002b78       0x68 CMakeFiles/PicoDock_TFT_Resistive_Example.dir/home/felipe/.pico-sdk/sdk/2.1.1/src/rp2_common/hardware_timer/timer.c.o
                0x10002b78                busy_wait_us
 .text.busy_wait_until
                0x10002be0       0x20 CMakeFiles/PicoDock_TFT_Resistive_Example.dir/home/felipe/.pico-sdk/sdk/2.1.1/src/rp2_common/hardware_timer/timer.c.o
                0x10002be0                busy_wait_until
 .text.uart_init
                0x10002c00      0x120 CMakeFiles/PicoDock_TFT_Resistive_Example.dir/home/felipe/.pico-sdk/sdk/2.1.1/src/rp2_common/hardware_uart/uart.c.o
                0x10002c00                uart_init
 .text.clock_configure_int_divider
                0x10002d20       0xf4 CMakeFiles/PicoDock_TFT_Resistive_Example.dir/home/felipe/.pico-sdk/sdk/2.1.1/src/rp2_common/hardware_clocks/clocks.c.o
                0x10002d20                clock_configure_int_divider
 .text.clock_configure_undivided
                0x10002e14       0xe8 CMakeFiles/PicoDock_TFT_Resistive_Example.dir/home/felipe/.pico-sdk/sdk/2.1.1/src/rp2_common/hardware_clocks/clocks.c.o
                0x10002e14                clock_configure_undivided
 .text.clock_get_hz
                0x10002efc        0xc CMakeFiles/PicoDock_TFT_Resistive_Example.dir/home/felipe/.pico-sdk/sdk/2.1.1/src/rp2_common/hardware_clocks/clocks.c.o
                0x10002efc                clock_get_hz
 .text.pll_init
                0x10002f08       0xa4 CMakeFiles/PicoDock_TFT_Resistive_Example.dir/home/felipe/.pico-sdk/sdk/2.1.1/src/rp2_common/hardware_pll/pll.c.o
                0x10002f08                pll_init
 .text.tick_start
                0x10002fac       0x10 CMakeFiles/PicoDock_TFT_Resistive_Example.dir/home/felipe/.pico-sdk/sdk/2.1.1/src/rp2_common/hardware_ticks/ticks.c.o
                0x10002fac                tick_start
 .text.rom_func_lookup
                0x10002fbc       0x10 CMakeFiles/PicoDock_TFT_Resistive_Example.dir/home/felipe/.pico-sdk/sdk/2.1.1/src/rp2_common/pico_bootrom/bootrom.c.o
                0x10002fbc                rom_func_lookup
 .text.rom_data_lookup
                0x10002fcc       0x10 CMakeFiles/PicoDock_TFT_Resistive_Example.dir/home/felipe/.pico-sdk/sdk/2.1.1/src/rp2_common/pico_bootrom/bootrom.c.o
                0x10002fcc                rom_data_lookup
 .text.rom_funcs_lookup
                0x10002fdc       0x44 CMakeFiles/PicoDock_TFT_Resistive_Example.dir/home/felipe/.pico-sdk/sdk/2.1.1/src/rp2_common/pico_bootrom/bootrom.c.o
                0x10002fdc                rom_funcs_lookup
 .text.xosc_init
                0x10003020       0x28 CMakeFiles/PicoDock_TFT_Resistive_Example.dir/home/felipe/.pico-sdk/sdk/2.1.1/src/rp2_common/hardware_xosc/xosc.c.o
                0x10003020                xosc_init
 .text.first_per_core_initializer
                0x10003048        0x4 CMakeFiles/PicoDock_TFT_Resistive_Example.dir/home/felipe/.pico-sdk/sdk/2.1.1/src/rp2_common/pico_runtime/runtime.c.o
 .text.hard_assertion_failure
                0x1000304c        0xc CMakeFiles/PicoDock_TFT_Resistive_Example.dir/home/felipe/.pico-sdk/sdk/2.1.1/src/rp2_common/pico_runtime/runtime.c.o
                0x1000304c                hard_assertion_failure
 .text.runtime_run_initializers
                0x10003058       0x28 CMakeFiles/PicoDock_TFT_Resistive_Example.dir/home/felipe/.pico-sdk/sdk/2.1.1/src/rp2_common/pico_runtime/runtime.c.o
                0x10003058                runtime_run_initializers
 .text.runtime_init_early_resets
                0x10003080       0x2c CMakeFiles/PicoDock_TFT_Resistive_Example.dir/home/felipe/.pico-sdk/sdk/2.1.1/src/rp2_common/pico_runtime_init/runtime_init.c.o
                0x10003080                runtime_init_early_resets
 .text.runtime_init_usb_power_down
                0x100030ac       0x1c CMakeFiles/PicoDock_TFT_Resistive_Example.dir/home/felipe/.pico-sdk/sdk/2.1.1/src/rp2_common/pico_runtime_init/runtime_init.c.o
                0x100030ac                runtime_init_usb_power_down
 .text.runtime_init_post_clock_resets
                0x100030c8       0x20 CMakeFiles/PicoDock_TFT_Resistive_Example.dir/home/felipe/.pico-sdk/sdk/2.1.1/src/rp2_common/pico_runtime_init/runtime_init.c.o
                0x100030c8                runtime_init_post_clock_resets
 .text.runtime_init_rp2040_gpio_ie_disable
                0x100030e8       0x14 CMakeFiles/PicoDock_TFT_Resistive_Example.dir/home/felipe/.pico-sdk/sdk/2.1.1/src/rp2_common/pico_runtime_init/runtime_init.c.o
                0x100030e8                runtime_init_rp2040_gpio_ie_disable
 .text.runtime_init_spin_locks_reset
                0x100030fc        0x8 CMakeFiles/PicoDock_TFT_Resistive_Example.dir/home/felipe/.pico-sdk/sdk/2.1.1/src/rp2_common/pico_runtime_init/runtime_init.c.o
                0x100030fc                runtime_init_spin_locks_reset
 .text.runtime_init_install_ram_vector_table
                0x10003104       0x1c CMakeFiles/PicoDock_TFT_Resistive_Example.dir/home/felipe/.pico-sdk/sdk/2.1.1/src/rp2_common/pico_runtime_init/runtime_init.c.o
                0x10003104                runtime_init_install_ram_vector_table
 .text.runtime_init_clocks
                0x10003120       0xd8 CMakeFiles/PicoDock_TFT_Resistive_Example.dir/home/felipe/.pico-sdk/sdk/2.1.1/src/rp2_common/pico_runtime_init/runtime_init_clocks.c.o
                0x10003120                runtime_init_clocks
 .text          0x100031f8       0x10 CMakeFiles/PicoDock_TFT_Resistive_Example.dir/home/felipe/.pico-sdk/sdk/2.1.1/src/rp2_common/pico_bit_ops/bit_ops_aeabi.S.o
 .text.__wrap___aeabi_idiv
                0x10003208       0x50 CMakeFiles/PicoDock_TFT_Resistive_Example.dir/home/felipe/.pico-sdk/sdk/2.1.1/src/rp2_common/pico_divider/divider_hardware.S.o
                0x10003208                __wrap___aeabi_idivmod
                0x10003208                divmod_s32s32
                0x10003208                div_s32s32
                0x10003208                __wrap___aeabi_idiv
                0x10003210                divmod_s32s32_unsafe
                0x1000323c                divmod_s32s32_savestate
 .text.__wrap___aeabi_uidiv
                0x10003258       0x4c CMakeFiles/PicoDock_TFT_Resistive_Example.dir/home/felipe/.pico-sdk/sdk/2.1.1/src/rp2_common/pico_divider/divider_hardware.S.o
                0x10003258                __wrap___aeabi_uidiv
                0x10003258                __wrap___aeabi_uidivmod
                0x10003258                div_u32u32
                0x10003258                divmod_u32u32
                0x10003260                divmod_u32u32_unsafe
                0x10003288                divmod_u32u32_savestate
 .text.__wrap___aeabi_ldiv
                0x100032a4      0x424 CMakeFiles/PicoDock_TFT_Resistive_Example.dir/home/felipe/.pico-sdk/sdk/2.1.1/src/rp2_common/pico_divider/divider_hardware.S.o
                0x100032a4                div_s64s64
                0x100032a4                divmod_s64s64
                0x100032a4                __wrap___aeabi_ldivmod
                0x100032d4                div_u64u64
                0x100032d4                divmod_u64u64
                0x100032d4                __wrap___aeabi_uldivmod
                0x100032e4                divmod_u64u64_savestate
                0x10003304                divmod_s64s64_unsafe
                0x1000338c                divmod_u64u64_unsafe
 .text.__wrap___aeabi_darithmetic
                0x100036c8       0x80 CMakeFiles/PicoDock_TFT_Resistive_Example.dir/home/felipe/.pico-sdk/sdk/2.1.1/src/rp2_common/pico_double/double_aeabi_rp2040.S.o
                0x100036c8                __wrap___aeabi_drsub
                0x100036ce                __wrap___aeabi_dsub
                0x100036e0                __wrap___aeabi_dadd
                0x100036f2                __wrap___aeabi_ddiv
                0x1000372e                __wrap___aeabi_dmul
 .text.__wrap___aeabi_cdcmple
                0x10003748       0x6c CMakeFiles/PicoDock_TFT_Resistive_Example.dir/home/felipe/.pico-sdk/sdk/2.1.1/src/rp2_common/pico_double/double_aeabi_rp2040.S.o
                0x10003748                __wrap___aeabi_cdrcmple
                0x10003758                __wrap___aeabi_cdcmple
                0x10003758                __wrap___aeabi_cdcmpeq
 .text.__wrap___aeabi_dcmpeq
                0x100037b4       0x10 CMakeFiles/PicoDock_TFT_Resistive_Example.dir/home/felipe/.pico-sdk/sdk/2.1.1/src/rp2_common/pico_double/double_aeabi_rp2040.S.o
                0x100037b4                __wrap___aeabi_dcmpeq
 .text.__wrap___aeabi_dcmplt
                0x100037c4        0xc CMakeFiles/PicoDock_TFT_Resistive_Example.dir/home/felipe/.pico-sdk/sdk/2.1.1/src/rp2_common/pico_double/double_aeabi_rp2040.S.o
                0x100037c4                __wrap___aeabi_dcmplt
 .text.__wrap___aeabi_dcmple
                0x100037d0       0x10 CMakeFiles/PicoDock_TFT_Resistive_Example.dir/home/felipe/.pico-sdk/sdk/2.1.1/src/rp2_common/pico_double/double_aeabi_rp2040.S.o
                0x100037d0                __wrap___aeabi_dcmple
 .text.__wrap___aeabi_dcmpge
                0x100037e0       0x10 CMakeFiles/PicoDock_TFT_Resistive_Example.dir/home/felipe/.pico-sdk/sdk/2.1.1/src/rp2_common/pico_double/double_aeabi_rp2040.S.o
                0x100037e0                __wrap___aeabi_dcmpge
 .text.__wrap___aeabi_dcmpgt
                0x100037f0        0xa CMakeFiles/PicoDock_TFT_Resistive_Example.dir/home/felipe/.pico-sdk/sdk/2.1.1/src/rp2_common/pico_double/double_aeabi_rp2040.S.o
                0x100037f0                __wrap___aeabi_dcmpgt
 .text.__wrap___aeabi_dcmpun
                0x100037fa       0x18 CMakeFiles/PicoDock_TFT_Resistive_Example.dir/home/felipe/.pico-sdk/sdk/2.1.1/src/rp2_common/pico_double/double_aeabi_rp2040.S.o
                0x100037fa                __wrap___aeabi_dcmpun
 *fill*         0x10003812        0x2 
 .text.__wrap___aeabi_i2d
                0x10003814       0x38 CMakeFiles/PicoDock_TFT_Resistive_Example.dir/home/felipe/.pico-sdk/sdk/2.1.1/src/rp2_common/pico_double/double_aeabi_rp2040.S.o
                0x10003814                __wrap___aeabi_ui2d
                0x10003814                uint2double
                0x1000381c                __wrap___aeabi_i2d
                0x1000381c                int2double
 .text.__wrap___aeabi_d2iz
                0x1000384c       0x48 CMakeFiles/PicoDock_TFT_Resistive_Example.dir/home/felipe/.pico-sdk/sdk/2.1.1/src/rp2_common/pico_double/double_aeabi_rp2040.S.o
                0x1000384c                __wrap___aeabi_d2iz
                0x1000384c                double2int_z
 .text.__wrap___aeabi_d2uiz
                0x10003894       0x18 CMakeFiles/PicoDock_TFT_Resistive_Example.dir/home/felipe/.pico-sdk/sdk/2.1.1/src/rp2_common/pico_double/double_aeabi_rp2040.S.o
                0x10003894                double2uint_z
                0x10003894                double2uint
                0x10003894                __wrap___aeabi_d2uiz
 .text.__aeabi_double_init
                0x100038ac       0xa4 CMakeFiles/PicoDock_TFT_Resistive_Example.dir/home/felipe/.pico-sdk/sdk/2.1.1/src/rp2_common/pico_double/double_init_rom_rp2040.c.o
                0x100038ac                __aeabi_double_init
 .text.double_table_shim_on_use_helper
                0x10003950       0x2c CMakeFiles/PicoDock_TFT_Resistive_Example.dir/home/felipe/.pico-sdk/sdk/2.1.1/src/rp2_common/pico_double/double_v1_rom_shim_rp2040.S.o
                0x10003950                double_table_shim_on_use_helper
 .text.__wrap___aeabi_dsub
                0x1000397c       0x10 CMakeFiles/PicoDock_TFT_Resistive_Example.dir/home/felipe/.pico-sdk/sdk/2.1.1/src/rp2_common/pico_double/double_v1_rom_shim_rp2040.S.o
                0x1000397c                drsub_shim
                0x10003982                dsub_shim
 .text.dadd_shim
                0x1000398c      0x15c CMakeFiles/PicoDock_TFT_Resistive_Example.dir/home/felipe/.pico-sdk/sdk/2.1.1/src/rp2_common/pico_double/double_v1_rom_shim_rp2040.S.o
                0x1000398c                dadd_shim
 .text.dmul_shim
                0x10003ae8      0x15c CMakeFiles/PicoDock_TFT_Resistive_Example.dir/home/felipe/.pico-sdk/sdk/2.1.1/src/rp2_common/pico_double/double_v1_rom_shim_rp2040.S.o
                0x10003ae8                dmul_shim
 .text.ddiv_shim
                0x10003c44      0x1b0 CMakeFiles/PicoDock_TFT_Resistive_Example.dir/home/felipe/.pico-sdk/sdk/2.1.1/src/rp2_common/pico_double/double_v1_rom_shim_rp2040.S.o
                0x10003c44                ddiv_shim
 .text.double2uint_shim
                0x10003df4        0xe CMakeFiles/PicoDock_TFT_Resistive_Example.dir/home/felipe/.pico-sdk/sdk/2.1.1/src/rp2_common/pico_double/double_v1_rom_shim_rp2040.S.o
                0x10003df4                double2uint_shim
                0x10003df6                double2ufix_shim
 *fill*         0x10003e02        0x2 
 .text.double2uint64_shim
                0x10003e04       0x70 CMakeFiles/PicoDock_TFT_Resistive_Example.dir/home/felipe/.pico-sdk/sdk/2.1.1/src/rp2_common/pico_double/double_v1_rom_shim_rp2040.S.o
                0x10003e04                double2uint64_shim
                0x10003e06                double2ufix64_shim
                0x10003e26                d2fix_a
 .text.dunpacks
                0x10003e74       0x3c CMakeFiles/PicoDock_TFT_Resistive_Example.dir/home/felipe/.pico-sdk/sdk/2.1.1/src/rp2_common/pico_double/double_v1_rom_shim_rp2040.S.o
                0x10003e74                dunpacks
 .text.__aeabi_lmul
                0x10003eb0       0x32 CMakeFiles/PicoDock_TFT_Resistive_Example.dir/home/felipe/.pico-sdk/sdk/2.1.1/src/rp2_common/pico_int64_ops/pico_int64_ops_aeabi.S.o
                0x10003eb0                __wrap___aeabi_lmul
 *fill*         0x10003ee2        0x2 
 .text.__wrap___aeabi_farithmetic
                0x10003ee4       0x48 CMakeFiles/PicoDock_TFT_Resistive_Example.dir/home/felipe/.pico-sdk/sdk/2.1.1/src/rp2_common/pico_float/float_aeabi_rp2040.S.o
                0x10003ee4                __wrap___aeabi_frsub
                0x10003eea                __wrap___aeabi_fsub
                0x10003ef0                __wrap___aeabi_fadd
                0x10003ef6                __wrap___aeabi_fdiv
                0x10003f1e                __wrap___aeabi_fmul
 .text.__wrap___aeabi_ui2f
                0x10003f2c        0xa CMakeFiles/PicoDock_TFT_Resistive_Example.dir/home/felipe/.pico-sdk/sdk/2.1.1/src/rp2_common/pico_float/float_aeabi_rp2040.S.o
                0x10003f2c                uint2float
                0x10003f2c                __wrap___aeabi_ui2f
 *fill*         0x10003f36        0x2 
 .text.__wrap___aeabi_i2f
                0x10003f38       0x44 CMakeFiles/PicoDock_TFT_Resistive_Example.dir/home/felipe/.pico-sdk/sdk/2.1.1/src/rp2_common/pico_float/float_aeabi_rp2040.S.o
                0x10003f38                int2float
                0x10003f38                __wrap___aeabi_i2f
 .text.__wrap___aeabi_f2uiz
                0x10003f7c        0xc CMakeFiles/PicoDock_TFT_Resistive_Example.dir/home/felipe/.pico-sdk/sdk/2.1.1/src/rp2_common/pico_float/float_aeabi_rp2040.S.o
                0x10003f7c                float2uint
                0x10003f7c                float2uint_z
                0x10003f7c                __wrap___aeabi_f2uiz
 .text.__aeabi_float_init
                0x10003f88       0x64 CMakeFiles/PicoDock_TFT_Resistive_Example.dir/home/felipe/.pico-sdk/sdk/2.1.1/src/rp2_common/pico_float/float_init_rom_rp2040.c.o
                0x10003f88                __aeabi_float_init
 .text.float_table_shim_on_use_helper
                0x10003fec       0x2c CMakeFiles/PicoDock_TFT_Resistive_Example.dir/home/felipe/.pico-sdk/sdk/2.1.1/src/rp2_common/pico_float/float_v1_rom_shim_rp2040.S.o
                0x10003fec                float_table_shim_on_use_helper
 .text.__wrap_malloc
                0x10004018       0x24 CMakeFiles/PicoDock_TFT_Resistive_Example.dir/home/felipe/.pico-sdk/sdk/2.1.1/src/rp2_common/pico_malloc/malloc.c.o
                0x10004018                __wrap_malloc
 .text.__wrap_free
                0x1000403c        0x8 CMakeFiles/PicoDock_TFT_Resistive_Example.dir/home/felipe/.pico-sdk/sdk/2.1.1/src/rp2_common/pico_malloc/malloc.c.o
                0x1000403c                __wrap_free
 .text          0x10004044       0x10 CMakeFiles/PicoDock_TFT_Resistive_Example.dir/home/felipe/.pico-sdk/sdk/2.1.1/src/rp2_common/pico_mem_ops/mem_ops_aeabi.S.o
                0x10004044                __aeabi_mem_init
 .text.memset   0x10004054        0xc CMakeFiles/PicoDock_TFT_Resistive_Example.dir/home/felipe/.pico-sdk/sdk/2.1.1/src/rp2_common/pico_mem_ops/mem_ops_aeabi.S.o
                0x10004054                __wrap_memset
 .text.memcpy   0x10004060        0xc CMakeFiles/PicoDock_TFT_Resistive_Example.dir/home/felipe/.pico-sdk/sdk/2.1.1/src/rp2_common/pico_mem_ops/mem_ops_aeabi.S.o
                0x10004060                __wrap___aeabi_memcpy
                0x10004060                __wrap_memcpy
 .text._out_null
                0x1000406c        0x4 CMakeFiles/PicoDock_TFT_Resistive_Example.dir/home/felipe/.pico-sdk/sdk/2.1.1/src/rp2_common/pico_printf/printf.c.o
 .text._out_rev
                0x10004070       0xac CMakeFiles/PicoDock_TFT_Resistive_Example.dir/home/felipe/.pico-sdk/sdk/2.1.1/src/rp2_common/pico_printf/printf.c.o
 .text._ntoa_format
                0x1000411c      0x1cc CMakeFiles/PicoDock_TFT_Resistive_Example.dir/home/felipe/.pico-sdk/sdk/2.1.1/src/rp2_common/pico_printf/printf.c.o
 .text._out_char
                0x100042e8       0x10 CMakeFiles/PicoDock_TFT_Resistive_Example.dir/home/felipe/.pico-sdk/sdk/2.1.1/src/rp2_common/pico_printf/printf.c.o
 .text._out_fct
                0x100042f8       0x10 CMakeFiles/PicoDock_TFT_Resistive_Example.dir/home/felipe/.pico-sdk/sdk/2.1.1/src/rp2_common/pico_printf/printf.c.o
 .text._ftoa    0x10004308      0x4a8 CMakeFiles/PicoDock_TFT_Resistive_Example.dir/home/felipe/.pico-sdk/sdk/2.1.1/src/rp2_common/pico_printf/printf.c.o
 .text._etoa    0x100047b0      0x57c CMakeFiles/PicoDock_TFT_Resistive_Example.dir/home/felipe/.pico-sdk/sdk/2.1.1/src/rp2_common/pico_printf/printf.c.o
 .text._vsnprintf
                0x10004d2c      0xbe0 CMakeFiles/PicoDock_TFT_Resistive_Example.dir/home/felipe/.pico-sdk/sdk/2.1.1/src/rp2_common/pico_printf/printf.c.o
 .text.vfctprintf
                0x1000590c       0x24 CMakeFiles/PicoDock_TFT_Resistive_Example.dir/home/felipe/.pico-sdk/sdk/2.1.1/src/rp2_common/pico_printf/printf.c.o
                0x1000590c                vfctprintf
 .text.weak_raw_printf
                0x10005930       0x40 CMakeFiles/PicoDock_TFT_Resistive_Example.dir/home/felipe/.pico-sdk/sdk/2.1.1/src/rp2_common/pico_printf/printf.c.o
                0x10005930                weak_raw_printf
 .text.weak_raw_vprintf
                0x10005970       0x30 CMakeFiles/PicoDock_TFT_Resistive_Example.dir/home/felipe/.pico-sdk/sdk/2.1.1/src/rp2_common/pico_printf/printf.c.o
                0x10005970                weak_raw_vprintf
 .text._exit    0x100059a0        0x4 CMakeFiles/PicoDock_TFT_Resistive_Example.dir/home/felipe/.pico-sdk/sdk/2.1.1/src/rp2_common/pico_clib_interface/newlib_interface.c.o
                0x100059a0                _exit
 .text._sbrk    0x100059a4       0x34 CMakeFiles/PicoDock_TFT_Resistive_Example.dir/home/felipe/.pico-sdk/sdk/2.1.1/src/rp2_common/pico_clib_interface/newlib_interface.c.o
                0x100059a4                _sbrk
 .text.exit     0x100059d8        0x8 CMakeFiles/PicoDock_TFT_Resistive_Example.dir/home/felipe/.pico-sdk/sdk/2.1.1/src/rp2_common/pico_clib_interface/newlib_interface.c.o
                0x100059d8                exit
 .text.__assert_func
                0x100059e0       0x38 CMakeFiles/PicoDock_TFT_Resistive_Example.dir/home/felipe/.pico-sdk/sdk/2.1.1/src/rp2_common/pico_clib_interface/newlib_interface.c.o
                0x100059e0                __assert_func
 .text.runtime_init
                0x10005a18       0x2c CMakeFiles/PicoDock_TFT_Resistive_Example.dir/home/felipe/.pico-sdk/sdk/2.1.1/src/rp2_common/pico_clib_interface/newlib_interface.c.o
                0x10005a18                runtime_init
 .text.stdio_out_chars_no_crlf
                0x10005a44       0x10 CMakeFiles/PicoDock_TFT_Resistive_Example.dir/home/felipe/.pico-sdk/sdk/2.1.1/src/rp2_common/pico_stdio/stdio.c.o
 .text.stdio_out_chars_crlf
                0x10005a54       0xb0 CMakeFiles/PicoDock_TFT_Resistive_Example.dir/home/felipe/.pico-sdk/sdk/2.1.1/src/rp2_common/pico_stdio/stdio.c.o
 .text.stdio_buffered_printer
                0x10005b04       0x64 CMakeFiles/PicoDock_TFT_Resistive_Example.dir/home/felipe/.pico-sdk/sdk/2.1.1/src/rp2_common/pico_stdio/stdio.c.o
 .text.stdio_put_string
                0x10005b68       0xfc CMakeFiles/PicoDock_TFT_Resistive_Example.dir/home/felipe/.pico-sdk/sdk/2.1.1/src/rp2_common/pico_stdio/stdio.c.o
                0x10005b68                stdio_put_string
 .text.stdio_set_driver_enabled
                0x10005c64       0x30 CMakeFiles/PicoDock_TFT_Resistive_Example.dir/home/felipe/.pico-sdk/sdk/2.1.1/src/rp2_common/pico_stdio/stdio.c.o
                0x10005c64                stdio_set_driver_enabled
 .text.stdio_init_all
                0x10005c94        0xc CMakeFiles/PicoDock_TFT_Resistive_Example.dir/home/felipe/.pico-sdk/sdk/2.1.1/src/rp2_common/pico_stdio/stdio.c.o
                0x10005c94                stdio_init_all
 .text.__wrap_putchar
                0x10005ca0       0x94 CMakeFiles/PicoDock_TFT_Resistive_Example.dir/home/felipe/.pico-sdk/sdk/2.1.1/src/rp2_common/pico_stdio/stdio.c.o
                0x10005ca0                stdio_putchar
                0x10005ca0                __wrap_putchar
 .text.__wrap_puts
                0x10005d34       0x3c CMakeFiles/PicoDock_TFT_Resistive_Example.dir/home/felipe/.pico-sdk/sdk/2.1.1/src/rp2_common/pico_stdio/stdio.c.o
                0x10005d34                __wrap_puts
                0x10005d34                stdio_puts
 .text.__wrap_vprintf
                0x10005d70       0xcc CMakeFiles/PicoDock_TFT_Resistive_Example.dir/home/felipe/.pico-sdk/sdk/2.1.1/src/rp2_common/pico_stdio/stdio.c.o
                0x10005d70                __wrap_vprintf
                0x10005d70                stdio_vprintf
 .text.__wrap_printf
                0x10005e3c       0x18 CMakeFiles/PicoDock_TFT_Resistive_Example.dir/home/felipe/.pico-sdk/sdk/2.1.1/src/rp2_common/pico_stdio/stdio.c.o
                0x10005e3c                stdio_printf
                0x10005e3c                __wrap_printf
 .text.stdio_uart_out_chars
                0x10005e54       0x4c CMakeFiles/PicoDock_TFT_Resistive_Example.dir/home/felipe/.pico-sdk/sdk/2.1.1/src/rp2_common/pico_stdio_uart/stdio_uart.c.o
 .text.stdio_uart_in_chars
                0x10005ea0       0x90 CMakeFiles/PicoDock_TFT_Resistive_Example.dir/home/felipe/.pico-sdk/sdk/2.1.1/src/rp2_common/pico_stdio_uart/stdio_uart.c.o
                0x10005ea0                stdio_uart_in_chars
 .text.on_uart_rx
                0x10005f30       0x28 CMakeFiles/PicoDock_TFT_Resistive_Example.dir/home/felipe/.pico-sdk/sdk/2.1.1/src/rp2_common/pico_stdio_uart/stdio_uart.c.o
 .text.stdio_uart_out_flush
                0x10005f58       0x14 CMakeFiles/PicoDock_TFT_Resistive_Example.dir/home/felipe/.pico-sdk/sdk/2.1.1/src/rp2_common/pico_stdio_uart/stdio_uart.c.o
 .text.stdio_uart_set_chars_available_callback
                0x10005f6c       0x84 CMakeFiles/PicoDock_TFT_Resistive_Example.dir/home/felipe/.pico-sdk/sdk/2.1.1/src/rp2_common/pico_stdio_uart/stdio_uart.c.o
 .text.stdio_uart_init
                0x10005ff0       0x50 CMakeFiles/PicoDock_TFT_Resistive_Example.dir/home/felipe/.pico-sdk/sdk/2.1.1/src/rp2_common/pico_stdio_uart/stdio_uart.c.o
                0x10005ff0                stdio_uart_init
 .text.spi_init
                0x10006040      0x13c CMakeFiles/PicoDock_TFT_Resistive_Example.dir/home/felipe/.pico-sdk/sdk/2.1.1/src/rp2_common/hardware_spi/spi.c.o
                0x10006040                spi_init
 .text.adc_init
                0x1000617c       0x38 CMakeFiles/PicoDock_TFT_Resistive_Example.dir/home/felipe/.pico-sdk/sdk/2.1.1/src/rp2_common/hardware_adc/adc.c.o
                0x1000617c                adc_init
 .text          0x100061b4     0x129c freertos/libfreertos.a(tasks.c.o)
                0x10006300                xTaskCreate
                0x10006518                vTaskDelete
                0x100065a8                uxTaskPriorityGet
                0x100065c8                uxTaskPriorityGetFromISR
                0x100065e8                vTaskPrioritySet
                0x100066b4                vTaskSuspend
                0x100067e4                vTaskResume
                0x10006850                xTaskResumeFromISR
                0x100068d8                vTaskStartScheduler
                0x10006a68                vTaskEndScheduler
                0x10006a7c                vTaskSuspendAll
                0x10006a8c                xTaskResumeAll
                0x10006b74                xTaskDelayUntil
                0x10006bf0                vTaskDelay
                0x10006c44                xTaskGetTickCount
                0x10006c50                xTaskGetTickCountFromISR
                0x10006c5c                uxTaskGetNumberOfTasks
                0x10006c68                pcTaskGetName
                0x10006c7c                xTaskCatchUpTicks
                0x10006c9c                xTaskIncrementTick
                0x10006cc0                vTaskSwitchContext
                0x10006d50                vTaskPlaceOnEventList
                0x10006da8                vTaskPlaceOnUnorderedEventList
                0x10006e0c                vTaskPlaceOnEventListRestricted
                0x10006e70                xTaskRemoveFromEventList
                0x10006ed4                vTaskRemoveFromUnorderedEventList
                0x10006f20                vTaskSetTimeOutState
                0x10006f3c                vTaskInternalSetTimeOutState
                0x10006f4c                xTaskCheckForTimeOut
                0x10006f98                vTaskMissedYield
                0x10006fa4                vTaskSetThreadLocalStoragePointer
                0x10006fc0                pvTaskGetThreadLocalStoragePointer
                0x10006fe0                xTaskGetCurrentTaskHandle
                0x10006fec                xTaskGetSchedulerState
                0x10007004                uxTaskResetEventItemValue
                0x1000701c                ulTaskGenericNotifyTake
                0x100070dc                xTaskGenericNotifyWait
                0x100071c4                xTaskGenericNotify
                0x10007280                xTaskGenericNotifyFromISR
                0x10007360                vTaskGenericNotifyGiveFromISR
                0x100073f0                xTaskGenericNotifyStateClear
                0x10007420                ulTaskGenericNotifyValueClear
 .text          0x10007450      0x4b0 freertos/libfreertos.a(timers.c.o)
                0x100076f8                xTimerCreateTimerTask
                0x1000776c                xTimerCreate
                0x10007814                xTimerGenericCommand
                0x1000786c                xTimerGetTimerDaemonTaskHandle
                0x10007878                xTimerGetPeriod
                0x1000787c                vTimerSetReloadMode
                0x100078a0                uxTimerGetReloadMode
                0x100078b8                xTimerGetExpiryTime
                0x100078bc                pcTimerGetName
                0x100078c0                xTimerIsTimerActive
                0x100078d8                pvTimerGetTimerID
                0x100078ec                vTimerSetTimerID
 .text          0x10007900       0x30 freertos/libfreertos.a(heap_3.c.o)
                0x10007900                pvPortMalloc
                0x10007918                vPortFree
 .text          0x10007930      0x1d8 freertos/libfreertos.a(port.c.o)
                0x10007974                pxPortInitialiseStack
                0x1000799c                isr_svcall
                0x100079a0                vPortEndScheduler
                0x100079a4                vPortYield
                0x100079bc                vPortEnterCritical
                0x100079d4                vPortExitCritical
                0x100079e8                ulSetInterruptMaskFromISR
                0x100079f0                vClearInterruptMaskFromISR
                0x100079f8                isr_pendsv
                0x10007a78                isr_systick
                0x10007a9c                vPortSetupTimerInterrupt
                0x10007ac4                xPortStartScheduler
 .text          0x10007b08       0x8c freertos/libfreertos.a(list.c.o)
                0x10007b08                vListInitialise
                0x10007b20                vListInitialiseItem
                0x10007b28                vListInsertEnd
                0x10007b40                vListInsert
                0x10007b70                uxListRemove
 .text          0x10007b94     0x10ec freertos/libfreertos.a(queue.c.o)
                0x10007b94                xQueueGenericReset
                0x10007bf8                xQueueGenericCreate
                0x10007c5c                xQueueGenericSend
                0x10007f78                xQueueGenericSendFromISR
                0x10008080                xQueueGiveFromISR
                0x100080d4                xQueueReceive
                0x10008388                xQueueSemaphoreTake
                0x10008618                xQueuePeek
                0x100088c8                xQueueReceiveFromISR
                0x1000894c                xQueuePeekFromISR
                0x1000898c                uxQueueMessagesWaiting
                0x100089a0                uxQueueSpacesAvailable
                0x100089b8                uxQueueMessagesWaitingFromISR
                0x100089bc                vQueueDelete
                0x10008a3c                xQueueIsQueueEmptyFromISR
                0x10008a44                xQueueIsQueueFullFromISR
                0x10008a50                vQueueAddToRegistry
                0x10008ac4                pcQueueGetName
                0x10008b38                vQueueUnregisterQueue
                0x10008bb0                vQueueWaitForMessageRestricted
 .text._calloc_r
                0x10008c80       0xa8 /home/felipe/.pico-sdk/toolchain/14_2_Rel1/bin/../lib/gcc/arm-none-eabi/14.2.1/../../../../arm-none-eabi/lib/thumb/v6-m/nofp/libg.a(libc_a-callocr.o)
                0x10008c80                _calloc_r
 .text.malloc   0x10008d28       0x14 /home/felipe/.pico-sdk/toolchain/14_2_Rel1/bin/../lib/gcc/arm-none-eabi/14.2.1/../../../../arm-none-eabi/lib/thumb/v6-m/nofp/libg.a(libc_a-malloc.o)
                0x10008d28                malloc
 .text.free     0x10008d3c       0x14 /home/felipe/.pico-sdk/toolchain/14_2_Rel1/bin/../lib/gcc/arm-none-eabi/14.2.1/../../../../arm-none-eabi/lib/thumb/v6-m/nofp/libg.a(libc_a-malloc.o)
                0x10008d3c                free
 .text._malloc_r
                0x10008d50      0x5cc /home/felipe/.pico-sdk/toolchain/14_2_Rel1/bin/../lib/gcc/arm-none-eabi/14.2.1/../../../../arm-none-eabi/lib/thumb/v6-m/nofp/libg.a(libc_a-mallocr.o)
                0x10008d50                _malloc_r
 .text.__malloc_lock
                0x1000931c       0x10 /home/felipe/.pico-sdk/toolchain/14_2_Rel1/bin/../lib/gcc/arm-none-eabi/14.2.1/../../../../arm-none-eabi/lib/thumb/v6-m/nofp/libg.a(libc_a-mlock.o)
                0x1000931c                __malloc_lock
 .text.__malloc_unlock
                0x1000932c       0x10 /home/felipe/.pico-sdk/toolchain/14_2_Rel1/bin/../lib/gcc/arm-none-eabi/14.2.1/../../../../arm-none-eabi/lib/thumb/v6-m/nofp/libg.a(libc_a-mlock.o)
                0x1000932c                __malloc_unlock
 .text._realloc_r
                0x1000933c      0x350 /home/felipe/.pico-sdk/toolchain/14_2_Rel1/bin/../lib/gcc/arm-none-eabi/14.2.1/../../../../arm-none-eabi/lib/thumb/v6-m/nofp/libg.a(libc_a-reallocr.o)
                0x1000933c                _realloc_r
 .text.vsprintf
                0x1000968c       0x3c /home/felipe/.pico-sdk/toolchain/14_2_Rel1/bin/../lib/gcc/arm-none-eabi/14.2.1/../../../../arm-none-eabi/lib/thumb/v6-m/nofp/libg.a(libc_a-vsprintf.o)
                0x1000968c                vsprintf
 .text.memmove  0x100096c8       0xc4 /home/felipe/.pico-sdk/toolchain/14_2_Rel1/bin/../lib/gcc/arm-none-eabi/14.2.1/../../../../arm-none-eabi/lib/thumb/v6-m/nofp/libg.a(libc_a-memmove.o)
                0x100096c8                memmove
 .text._sbrk_r  0x1000978c       0x24 /home/felipe/.pico-sdk/toolchain/14_2_Rel1/bin/../lib/gcc/arm-none-eabi/14.2.1/../../../../arm-none-eabi/lib/thumb/v6-m/nofp/libg.a(libc_a-sbrkr.o)
                0x1000978c                _sbrk_r
 .text.__errno  0x100097b0        0xc /home/felipe/.pico-sdk/toolchain/14_2_Rel1/bin/../lib/gcc/arm-none-eabi/14.2.1/../../../../arm-none-eabi/lib/thumb/v6-m/nofp/libg.a(libc_a-errno.o)
                0x100097b0                __errno
 .text.__retarget_lock_acquire_recursive
                0x100097bc        0x4 /home/felipe/.pico-sdk/toolchain/14_2_Rel1/bin/../lib/gcc/arm-none-eabi/14.2.1/../../../../arm-none-eabi/lib/thumb/v6-m/nofp/libg.a(libc_a-lock.o)
                0x100097bc                __retarget_lock_acquire_recursive
 .text.__retarget_lock_release_recursive
                0x100097c0        0x4 /home/felipe/.pico-sdk/toolchain/14_2_Rel1/bin/../lib/gcc/arm-none-eabi/14.2.1/../../../../arm-none-eabi/lib/thumb/v6-m/nofp/libg.a(libc_a-lock.o)
                0x100097c0                __retarget_lock_release_recursive
 .text.sysconf  0x100097c4       0x1c /home/felipe/.pico-sdk/toolchain/14_2_Rel1/bin/../lib/gcc/arm-none-eabi/14.2.1/../../../../arm-none-eabi/lib/thumb/v6-m/nofp/libg.a(libc_a-sysconf.o)
                0x100097c4                sysconf
 .text.strlen   0x100097e0       0x5c /home/felipe/.pico-sdk/toolchain/14_2_Rel1/bin/../lib/gcc/arm-none-eabi/14.2.1/../../../../arm-none-eabi/lib/thumb/v6-m/nofp/libg.a(libc_a-strlen-stub.o)
                0x100097e0                strlen
 .text._malloc_trim_r
                0x1000983c       0xb4 /home/felipe/.pico-sdk/toolchain/14_2_Rel1/bin/../lib/gcc/arm-none-eabi/14.2.1/../../../../arm-none-eabi/lib/thumb/v6-m/nofp/libg.a(libc_a-freer.o)
                0x1000983c                _malloc_trim_r
 .text._free_r  0x100098f0      0x1f0 /home/felipe/.pico-sdk/toolchain/14_2_Rel1/bin/../lib/gcc/arm-none-eabi/14.2.1/../../../../arm-none-eabi/lib/thumb/v6-m/nofp/libg.a(libc_a-freer.o)
                0x100098f0                _free_r
 .text._svfprintf_r
                0x10009ae0     0x23cc /home/felipe/.pico-sdk/toolchain/14_2_Rel1/bin/../lib/gcc/arm-none-eabi/14.2.1/../../../../arm-none-eabi/lib/thumb/v6-m/nofp/libg.a(libc_a-svfprintf.o)
                0x10009ae0                _svfprintf_r
 .text.__ssprint_r
                0x1000beac       0x58 /home/felipe/.pico-sdk/toolchain/14_2_Rel1/bin/../lib/gcc/arm-none-eabi/14.2.1/../../../../arm-none-eabi/lib/thumb/v6-m/nofp/libg.a(libc_a-ssprint_r.o)
                0x1000beac                __ssprint_r
 .text.strncpy  0x1000bf04       0x5c /home/felipe/.pico-sdk/toolchain/14_2_Rel1/bin/../lib/gcc/arm-none-eabi/14.2.1/../../../../arm-none-eabi/lib/thumb/v6-m/nofp/libg.a(libc_a-strncpy.o)
                0x1000bf04                strncpy
 .text.__locale_mb_cur_max
                0x1000bf60       0x10 /home/felipe/.pico-sdk/toolchain/14_2_Rel1/bin/../lib/gcc/arm-none-eabi/14.2.1/../../../../arm-none-eabi/lib/thumb/v6-m/nofp/libg.a(libc_a-locale.o)
                0x1000bf60                __locale_mb_cur_max
 .text._localeconv_r
                0x1000bf70        0x8 /home/felipe/.pico-sdk/toolchain/14_2_Rel1/bin/../lib/gcc/arm-none-eabi/14.2.1/../../../../arm-none-eabi/lib/thumb/v6-m/nofp/libg.a(libc_a-localeconv.o)
                0x1000bf70                _localeconv_r
 .text.memchr   0x1000bf78       0x7c /home/felipe/.pico-sdk/toolchain/14_2_Rel1/bin/../lib/gcc/arm-none-eabi/14.2.1/../../../../arm-none-eabi/lib/thumb/v6-m/nofp/libg.a(libc_a-memchr-stub.o)
                0x1000bf78                memchr
 .text.frexp    0x1000bff4       0x68 /home/felipe/.pico-sdk/toolchain/14_2_Rel1/bin/../lib/gcc/arm-none-eabi/14.2.1/../../../../arm-none-eabi/lib/thumb/v6-m/nofp/libg.a(libm_a-s_frexp.o)
                0x1000bff4                frexp
 .text.quorem   0x1000c05c      0x150 /home/felipe/.pico-sdk/toolchain/14_2_Rel1/bin/../lib/gcc/arm-none-eabi/14.2.1/../../../../arm-none-eabi/lib/thumb/v6-m/nofp/libg.a(libc_a-dtoa.o)
 .text._dtoa_r  0x1000c1ac     0x1110 /home/felipe/.pico-sdk/toolchain/14_2_Rel1/bin/../lib/gcc/arm-none-eabi/14.2.1/../../../../arm-none-eabi/lib/thumb/v6-m/nofp/libg.a(libc_a-dtoa.o)
                0x1000c1ac                _dtoa_r
 .text.__ascii_mbtowc
                0x1000d2bc       0x2c /home/felipe/.pico-sdk/toolchain/14_2_Rel1/bin/../lib/gcc/arm-none-eabi/14.2.1/../../../../arm-none-eabi/lib/thumb/v6-m/nofp/libg.a(libc_a-mbtowc_r.o)
                0x1000d2bc                __ascii_mbtowc
 .text._Balloc  0x1000d2e8       0x50 /home/felipe/.pico-sdk/toolchain/14_2_Rel1/bin/../lib/gcc/arm-none-eabi/14.2.1/../../../../arm-none-eabi/lib/thumb/v6-m/nofp/libg.a(libc_a-mprec.o)
                0x1000d2e8                _Balloc
 .text._Bfree   0x1000d338       0x14 /home/felipe/.pico-sdk/toolchain/14_2_Rel1/bin/../lib/gcc/arm-none-eabi/14.2.1/../../../../arm-none-eabi/lib/thumb/v6-m/nofp/libg.a(libc_a-mprec.o)
                0x1000d338                _Bfree
 .text.__multadd
                0x1000d34c       0xa4 /home/felipe/.pico-sdk/toolchain/14_2_Rel1/bin/../lib/gcc/arm-none-eabi/14.2.1/../../../../arm-none-eabi/lib/thumb/v6-m/nofp/libg.a(libc_a-mprec.o)
                0x1000d34c                __multadd
 .text.__hi0bits
                0x1000d3f0       0x60 /home/felipe/.pico-sdk/toolchain/14_2_Rel1/bin/../lib/gcc/arm-none-eabi/14.2.1/../../../../arm-none-eabi/lib/thumb/v6-m/nofp/libg.a(libc_a-mprec.o)
                0x1000d3f0                __hi0bits
 .text.__lo0bits
                0x1000d450       0x90 /home/felipe/.pico-sdk/toolchain/14_2_Rel1/bin/../lib/gcc/arm-none-eabi/14.2.1/../../../../arm-none-eabi/lib/thumb/v6-m/nofp/libg.a(libc_a-mprec.o)
                0x1000d450                __lo0bits
 .text.__i2b    0x1000d4e0       0x60 /home/felipe/.pico-sdk/toolchain/14_2_Rel1/bin/../lib/gcc/arm-none-eabi/14.2.1/../../../../arm-none-eabi/lib/thumb/v6-m/nofp/libg.a(libc_a-mprec.o)
                0x1000d4e0                __i2b
 .text.__multiply
                0x1000d540      0x1b0 /home/felipe/.pico-sdk/toolchain/14_2_Rel1/bin/../lib/gcc/arm-none-eabi/14.2.1/../../../../arm-none-eabi/lib/thumb/v6-m/nofp/libg.a(libc_a-mprec.o)
                0x1000d540                __multiply
 .text.__pow5mult
                0x1000d6f0       0xd8 /home/felipe/.pico-sdk/toolchain/14_2_Rel1/bin/../lib/gcc/arm-none-eabi/14.2.1/../../../../arm-none-eabi/lib/thumb/v6-m/nofp/libg.a(libc_a-mprec.o)
                0x1000d6f0                __pow5mult
 .text.__lshift
                0x1000d7c8       0xfc /home/felipe/.pico-sdk/toolchain/14_2_Rel1/bin/../lib/gcc/arm-none-eabi/14.2.1/../../../../arm-none-eabi/lib/thumb/v6-m/nofp/libg.a(libc_a-mprec.o)
                0x1000d7c8                __lshift
 .text.__mcmp   0x1000d8c4       0x3c /home/felipe/.pico-sdk/toolchain/14_2_Rel1/bin/../lib/gcc/arm-none-eabi/14.2.1/../../../../arm-none-eabi/lib/thumb/v6-m/nofp/libg.a(libc_a-mprec.o)
                0x1000d8c4                __mcmp
 .text.__mdiff  0x1000d900      0x1a8 /home/felipe/.pico-sdk/toolchain/14_2_Rel1/bin/../lib/gcc/arm-none-eabi/14.2.1/../../../../arm-none-eabi/lib/thumb/v6-m/nofp/libg.a(libc_a-mprec.o)
                0x1000d900                __mdiff
 .text.__d2b    0x1000daa8       0xc4 /home/felipe/.pico-sdk/toolchain/14_2_Rel1/bin/../lib/gcc/arm-none-eabi/14.2.1/../../../../arm-none-eabi/lib/thumb/v6-m/nofp/libg.a(libc_a-mprec.o)
                0x1000daa8                __d2b
 .text.__ascii_wctomb
                0x1000db6c       0x1c /home/felipe/.pico-sdk/toolchain/14_2_Rel1/bin/../lib/gcc/arm-none-eabi/14.2.1/../../../../arm-none-eabi/lib/thumb/v6-m/nofp/libg.a(libc_a-wctomb_r.o)
                0x1000db6c                __ascii_wctomb
 .text._wcrtomb_r
                0x1000db88       0x50 /home/felipe/.pico-sdk/toolchain/14_2_Rel1/bin/../lib/gcc/arm-none-eabi/14.2.1/../../../../arm-none-eabi/lib/thumb/v6-m/nofp/libg.a(libc_a-wcrtomb.o)
                0x1000db88                _wcrtomb_r
 .text._wcsrtombs_r
                0x1000dbd8       0x18 /home/felipe/.pico-sdk/toolchain/14_2_Rel1/bin/../lib/gcc/arm-none-eabi/14.2.1/../../../../arm-none-eabi/lib/thumb/v6-m/nofp/libg.a(libc_a-wcsrtombs.o)
                0x1000dbd8                _wcsrtombs_r
 .text.__ssputs_r
                0x1000dbf0       0xd0 /home/felipe/.pico-sdk/toolchain/14_2_Rel1/bin/../lib/gcc/arm-none-eabi/14.2.1/../../../../arm-none-eabi/lib/thumb/v6-m/nofp/libg.a(libc_a-ssputs_r.o)
                0x1000dbf0                __ssputs_r
 .text._wcsnrtombs_l
                0x1000dcc0      0x104 /home/felipe/.pico-sdk/toolchain/14_2_Rel1/bin/../lib/gcc/arm-none-eabi/14.2.1/../../../../arm-none-eabi/lib/thumb/v6-m/nofp/libg.a(libc_a-wcsnrtombs.o)
                0x1000dcc0                _wcsnrtombs_l
 .text._wcsnrtombs_r
                0x1000ddc4       0x24 /home/felipe/.pico-sdk/toolchain/14_2_Rel1/bin/../lib/gcc/arm-none-eabi/14.2.1/../../../../arm-none-eabi/lib/thumb/v6-m/nofp/libg.a(libc_a-wcsnrtombs.o)
                0x1000ddc4                _wcsnrtombs_r
 *(.fini)
 .fini          0x1000dde8        0x4 /home/felipe/.pico-sdk/toolchain/14_2_Rel1/bin/../lib/gcc/arm-none-eabi/14.2.1/thumb/v6-m/nofp/crti.o
                0x1000dde8                _fini
 *fill*         0x1000ddec        0x4 
 .fini.__stub   0x1000ddf0       0x60 linker stubs
 *crtbegin.o(.ctors)
 *crtbegin?.o(.ctors)
 *(EXCLUDE_FILE(*crtend.o *crtend?.o) .ctors)
 *(SORT_BY_NAME(.ctors.*))
 *(.ctors)
 *crtbegin.o(.dtors)
 *crtbegin?.o(.dtors)
 *(EXCLUDE_FILE(*crtend.o *crtend?.o) .dtors)
 *(SORT_BY_NAME(.dtors.*))
 *(.dtors)
                0x1000de50                        . = ALIGN (0x4)
                0x1000de50                        PROVIDE (__preinit_array_start = .)
 *(SORT_BY_NAME(.preinit_array.*))
 .preinit_array.00100
                0x1000de50        0x4 CMakeFiles/PicoDock_TFT_Resistive_Example.dir/home/felipe/.pico-sdk/sdk/2.1.1/src/rp2_common/pico_runtime_init/runtime_init.c.o
                0x1000de50                __pre_init_runtime_init_early_resets
 .preinit_array.00101
                0x1000de54        0x4 CMakeFiles/PicoDock_TFT_Resistive_Example.dir/home/felipe/.pico-sdk/sdk/2.1.1/src/rp2_common/pico_runtime_init/runtime_init.c.o
                0x1000de54                __pre_init_runtime_init_usb_power_down
 .preinit_array.00275
                0x1000de58        0x4 CMakeFiles/PicoDock_TFT_Resistive_Example.dir/home/felipe/.pico-sdk/sdk/2.1.1/src/rp2_common/pico_bit_ops/bit_ops_aeabi.S.o
 .preinit_array.00300
                0x1000de5c        0x4 CMakeFiles/PicoDock_TFT_Resistive_Example.dir/home/felipe/.pico-sdk/sdk/2.1.1/src/rp2_common/pico_mem_ops/mem_ops_aeabi.S.o
 .preinit_array.00350
                0x1000de60        0x4 CMakeFiles/PicoDock_TFT_Resistive_Example.dir/home/felipe/.pico-sdk/sdk/2.1.1/src/rp2_common/pico_double/double_aeabi_rp2040.S.o
 .preinit_array.00350
                0x1000de64        0x4 CMakeFiles/PicoDock_TFT_Resistive_Example.dir/home/felipe/.pico-sdk/sdk/2.1.1/src/rp2_common/pico_float/float_aeabi_rp2040.S.o
 .preinit_array.00500
                0x1000de68        0x4 CMakeFiles/PicoDock_TFT_Resistive_Example.dir/home/felipe/.pico-sdk/sdk/2.1.1/src/rp2_common/pico_runtime_init/runtime_init.c.o
                0x1000de68                __pre_init_runtime_init_clocks
 .preinit_array.00600
                0x1000de6c        0x4 CMakeFiles/PicoDock_TFT_Resistive_Example.dir/home/felipe/.pico-sdk/sdk/2.1.1/src/rp2_common/pico_runtime_init/runtime_init.c.o
                0x1000de6c                __pre_init_runtime_init_post_clock_resets
 .preinit_array.00700
                0x1000de70        0x4 CMakeFiles/PicoDock_TFT_Resistive_Example.dir/home/felipe/.pico-sdk/sdk/2.1.1/src/rp2_common/pico_runtime_init/runtime_init.c.o
                0x1000de70                __pre_init_runtime_init_rp2040_gpio_ie_disable
 .preinit_array.01000
                0x1000de74        0x4 CMakeFiles/PicoDock_TFT_Resistive_Example.dir/home/felipe/.pico-sdk/sdk/2.1.1/src/rp2_common/pico_runtime_init/runtime_init.c.o
                0x1000de74                __pre_init_runtime_init_spin_locks_reset
 .preinit_array.01100
                0x1000de78        0x4 CMakeFiles/PicoDock_TFT_Resistive_Example.dir/home/felipe/.pico-sdk/sdk/2.1.1/src/common/pico_sync/mutex.c.o
                0x1000de78                __pre_init_runtime_init_mutex
 .preinit_array.10080
                0x1000de7c        0x4 CMakeFiles/PicoDock_TFT_Resistive_Example.dir/home/felipe/.pico-sdk/sdk/2.1.1/src/rp2_common/pico_runtime_init/runtime_init.c.o
                0x1000de7c                __pre_init_runtime_init_install_ram_vector_table
 .preinit_array.11000
                0x1000de80        0x4 CMakeFiles/PicoDock_TFT_Resistive_Example.dir/home/felipe/.pico-sdk/sdk/2.1.1/src/common/pico_time/time.c.o
                0x1000de80                __pre_init_runtime_init_default_alarm_pool
 .preinit_array.YYYYY
                0x1000de84        0x4 CMakeFiles/PicoDock_TFT_Resistive_Example.dir/home/felipe/.pico-sdk/sdk/2.1.1/src/rp2_common/pico_runtime/runtime.c.o
                0x1000de84                __pre_init_first_per_core_initializer
 .preinit_array.ZZZZZ.01200
                0x1000de88        0x4 CMakeFiles/PicoDock_TFT_Resistive_Example.dir/home/felipe/.pico-sdk/sdk/2.1.1/src/rp2_common/hardware_irq/irq.c.o
                0x1000de88                __pre_init_runtime_init_per_core_irq_priorities
 *(.preinit_array)
                0x1000de8c                        PROVIDE (__preinit_array_end = .)
                0x1000de8c                        . = ALIGN (0x4)
                0x1000de8c                        PROVIDE (__init_array_start = .)
 *(SORT_BY_NAME(.init_array.*))
 *(.init_array)
 .init_array    0x1000de8c        0x4 /home/felipe/.pico-sdk/toolchain/14_2_Rel1/bin/../lib/gcc/arm-none-eabi/14.2.1/thumb/v6-m/nofp/crtbegin.o
                0x1000de90                        PROVIDE (__init_array_end = .)
                0x1000de90                        . = ALIGN (0x4)
                [!provide]                        PROVIDE (__fini_array_start = .)
 *(SORT_BY_NAME(.fini_array.*))
 *(.fini_array)
                [!provide]                        PROVIDE (__fini_array_end = .)
 *(.eh_frame*)
 .eh_frame      0x1000de90        0x0 /home/felipe/.pico-sdk/toolchain/14_2_Rel1/bin/../lib/gcc/arm-none-eabi/14.2.1/thumb/v6-m/nofp/crtbegin.o
                0x1000de90                        . = ALIGN (0x4)

.glue_7         0x1000de90        0x0
 .glue_7        0x1000de90        0x0 linker stubs

.glue_7t        0x1000de90        0x0
 .glue_7t       0x1000de90        0x0 linker stubs

.vfp11_veneer   0x1000de90        0x0
 .vfp11_veneer  0x1000de90        0x0 linker stubs

.v4_bx          0x1000de90        0x0
 .v4_bx         0x1000de90        0x0 linker stubs

.iplt           0x1000de90        0x0
 .iplt          0x1000de90        0x0 /home/felipe/.pico-sdk/toolchain/14_2_Rel1/bin/../lib/gcc/arm-none-eabi/14.2.1/thumb/v6-m/nofp/crtbegin.o

.rodata         0x1000de90     0x10d8
 *(EXCLUDE_FILE(*libm.a: *libc.a:*lib_a-mem*.o *libgcc.a:) .rodata*)
 .rodata.task_display.str1.4
                0x1000de90      0x4a6 CMakeFiles/PicoDock_TFT_Resistive_Example.dir/main.c.o
                                0x176 (size before relaxing)
 .rodata.main.str1.4
                0x1000e336       0x30 CMakeFiles/PicoDock_TFT_Resistive_Example.dir/main.c.o
 .rodata.str1.4
                0x1000e336       0x67 CMakeFiles/PicoDock_TFT_Resistive_Example.dir/main.c.o
 *fill*         0x1000e336        0x2 
 .rodata.font   0x1000e338      0x500 CMakeFiles/PicoDock_TFT_Resistive_Example.dir/tft_lcd_ili9341/gfx/gfx.c.o
 .rodata.initcmd
                0x1000e838       0x70 CMakeFiles/PicoDock_TFT_Resistive_Example.dir/tft_lcd_ili9341/ili9341/ili9341.c.o
                0x1000e838                initcmd
 .rodata.panic.str1.4
                0x1000e8a8       0x12 CMakeFiles/PicoDock_TFT_Resistive_Example.dir/home/felipe/.pico-sdk/sdk/2.1.1/src/rp2_common/pico_platform_panic/panic.c.o
 .rodata.timer_hardware_alarm_claim.str1.4
                0x1000e8a8       0x22 CMakeFiles/PicoDock_TFT_Resistive_Example.dir/home/felipe/.pico-sdk/sdk/2.1.1/src/rp2_common/hardware_timer/timer.c.o
 .rodata.hard_assertion_failure.str1.4
                0x1000e8a8        0xc CMakeFiles/PicoDock_TFT_Resistive_Example.dir/home/felipe/.pico-sdk/sdk/2.1.1/src/rp2_common/pico_runtime/runtime.c.o
 .rodata.__wrap_malloc.str1.4
                0x1000e8a8        0xe CMakeFiles/PicoDock_TFT_Resistive_Example.dir/home/felipe/.pico-sdk/sdk/2.1.1/src/rp2_common/pico_malloc/malloc.c.o
 .rodata.str1.4
                0x1000e8a8       0x58 CMakeFiles/PicoDock_TFT_Resistive_Example.dir/home/felipe/.pico-sdk/sdk/2.1.1/src/rp2_common/pico_standard_binary_info/standard_binary_info.c.o
 .rodata.__bi_84
                0x1000e8a8        0xc CMakeFiles/PicoDock_TFT_Resistive_Example.dir/home/felipe/.pico-sdk/sdk/2.1.1/src/rp2_common/pico_standard_binary_info/standard_binary_info.c.o
 .rodata.__bi_78
                0x1000e8b4        0xc CMakeFiles/PicoDock_TFT_Resistive_Example.dir/home/felipe/.pico-sdk/sdk/2.1.1/src/rp2_common/pico_standard_binary_info/standard_binary_info.c.o
 .rodata.__bi_60
                0x1000e8c0        0xc CMakeFiles/PicoDock_TFT_Resistive_Example.dir/home/felipe/.pico-sdk/sdk/2.1.1/src/rp2_common/pico_standard_binary_info/standard_binary_info.c.o
 .rodata.__bi_54
                0x1000e8cc        0xc CMakeFiles/PicoDock_TFT_Resistive_Example.dir/home/felipe/.pico-sdk/sdk/2.1.1/src/rp2_common/pico_standard_binary_info/standard_binary_info.c.o
 .rodata.__bi_48
                0x1000e8d8        0xc CMakeFiles/PicoDock_TFT_Resistive_Example.dir/home/felipe/.pico-sdk/sdk/2.1.1/src/rp2_common/pico_standard_binary_info/standard_binary_info.c.o
 .rodata.__bi_42
                0x1000e8e4        0xc CMakeFiles/PicoDock_TFT_Resistive_Example.dir/home/felipe/.pico-sdk/sdk/2.1.1/src/rp2_common/pico_standard_binary_info/standard_binary_info.c.o
 .rodata.__bi_34
                0x1000e8f0        0xc CMakeFiles/PicoDock_TFT_Resistive_Example.dir/home/felipe/.pico-sdk/sdk/2.1.1/src/rp2_common/pico_standard_binary_info/standard_binary_info.c.o
 .rodata.__bi_26
                0x1000e8fc        0xc CMakeFiles/PicoDock_TFT_Resistive_Example.dir/home/felipe/.pico-sdk/sdk/2.1.1/src/rp2_common/pico_standard_binary_info/standard_binary_info.c.o
 .rodata._ftoa.str1.4
                0x1000e908       0x15 CMakeFiles/PicoDock_TFT_Resistive_Example.dir/home/felipe/.pico-sdk/sdk/2.1.1/src/rp2_common/pico_printf/printf.c.o
 .rodata._vsnprintf
                0x1000e908      0x19c CMakeFiles/PicoDock_TFT_Resistive_Example.dir/home/felipe/.pico-sdk/sdk/2.1.1/src/rp2_common/pico_printf/printf.c.o
 *fill*         0x1000eaa4        0x4 
 .rodata.pow10.0
                0x1000eaa8       0x50 CMakeFiles/PicoDock_TFT_Resistive_Example.dir/home/felipe/.pico-sdk/sdk/2.1.1/src/rp2_common/pico_printf/printf.c.o
 .rodata.__assert_func.str1.4
                0x1000eaf8       0x43 CMakeFiles/PicoDock_TFT_Resistive_Example.dir/home/felipe/.pico-sdk/sdk/2.1.1/src/rp2_common/pico_clib_interface/newlib_interface.c.o
 .rodata.crlf_str.0
                0x1000eaf8        0x2 CMakeFiles/PicoDock_TFT_Resistive_Example.dir/home/felipe/.pico-sdk/sdk/2.1.1/src/rp2_common/pico_stdio/stdio.c.o
 .rodata.str1.4
                0x1000eafa       0x2c CMakeFiles/PicoDock_TFT_Resistive_Example.dir/home/felipe/.pico-sdk/sdk/2.1.1/src/rp2_common/pico_stdio_uart/stdio_uart.c.o
 *fill*         0x1000eafa        0x2 
 .rodata.__bi_45.4
                0x1000eafc        0xc CMakeFiles/PicoDock_TFT_Resistive_Example.dir/home/felipe/.pico-sdk/sdk/2.1.1/src/rp2_common/pico_stdio_uart/stdio_uart.c.o
 .rodata.__bi_49.5
                0x1000eb08        0x8 CMakeFiles/PicoDock_TFT_Resistive_Example.dir/home/felipe/.pico-sdk/sdk/2.1.1/src/rp2_common/pico_stdio_uart/stdio_uart.c.o
 .rodata.__bi_50.6
                0x1000eb10        0x8 CMakeFiles/PicoDock_TFT_Resistive_Example.dir/home/felipe/.pico-sdk/sdk/2.1.1/src/rp2_common/pico_stdio_uart/stdio_uart.c.o
 .rodata        0x1000eb18        0x4 freertos/libfreertos.a(tasks.c.o)
                0x1000eb18                uxTopUsedPriority
 .rodata        0x1000eb1c       0x28 freertos/libfreertos.a(timers.c.o)
 .rodata.str1.4
                0x1000eb44       0x10 freertos/libfreertos.a(timers.c.o)
 .rodata._ctype_
                0x1000eb44      0x101 /home/felipe/.pico-sdk/toolchain/14_2_Rel1/bin/../lib/gcc/arm-none-eabi/14.2.1/../../../../arm-none-eabi/lib/thumb/v6-m/nofp/libg.a(libc_a-ctype_.o)
                0x1000eb44                _ctype_
 .rodata._svfprintf_r.str1.4
                0x1000ec45       0x42 /home/felipe/.pico-sdk/toolchain/14_2_Rel1/bin/../lib/gcc/arm-none-eabi/14.2.1/../../../../arm-none-eabi/lib/thumb/v6-m/nofp/libg.a(libc_a-svfprintf.o)
 *fill*         0x1000ec45        0x3 
 .rodata._svfprintf_r
                0x1000ec48      0x204 /home/felipe/.pico-sdk/toolchain/14_2_Rel1/bin/../lib/gcc/arm-none-eabi/14.2.1/../../../../arm-none-eabi/lib/thumb/v6-m/nofp/libg.a(libc_a-svfprintf.o)
 .rodata.zeroes.0
                0x1000ee4c       0x10 /home/felipe/.pico-sdk/toolchain/14_2_Rel1/bin/../lib/gcc/arm-none-eabi/14.2.1/../../../../arm-none-eabi/lib/thumb/v6-m/nofp/libg.a(libc_a-svfprintf.o)
 .rodata.blanks.1
                0x1000ee5c       0x10 /home/felipe/.pico-sdk/toolchain/14_2_Rel1/bin/../lib/gcc/arm-none-eabi/14.2.1/../../../../arm-none-eabi/lib/thumb/v6-m/nofp/libg.a(libc_a-svfprintf.o)
 .rodata.str1.4
                0x1000ee6c       0x4c /home/felipe/.pico-sdk/toolchain/14_2_Rel1/bin/../lib/gcc/arm-none-eabi/14.2.1/../../../../arm-none-eabi/lib/thumb/v6-m/nofp/libg.a(libc_a-locale.o)
 .rodata._dtoa_r.str1.4
                0x1000ee6c       0x81 /home/felipe/.pico-sdk/toolchain/14_2_Rel1/bin/../lib/gcc/arm-none-eabi/14.2.1/../../../../arm-none-eabi/lib/thumb/v6-m/nofp/libg.a(libc_a-dtoa.o)
 .rodata.__multadd.str1.4
                0x1000ee6c       0x6e /home/felipe/.pico-sdk/toolchain/14_2_Rel1/bin/../lib/gcc/arm-none-eabi/14.2.1/../../../../arm-none-eabi/lib/thumb/v6-m/nofp/libg.a(libc_a-mprec.o)
 .rodata.p05.0  0x1000ee6c        0xc /home/felipe/.pico-sdk/toolchain/14_2_Rel1/bin/../lib/gcc/arm-none-eabi/14.2.1/../../../../arm-none-eabi/lib/thumb/v6-m/nofp/libg.a(libc_a-mprec.o)
 .rodata.__mprec_bigtens
                0x1000ee78       0x28 /home/felipe/.pico-sdk/toolchain/14_2_Rel1/bin/../lib/gcc/arm-none-eabi/14.2.1/../../../../arm-none-eabi/lib/thumb/v6-m/nofp/libg.a(libc_a-mprec.o)
                0x1000ee78                __mprec_bigtens
 .rodata.__mprec_tens
                0x1000eea0       0xc8 /home/felipe/.pico-sdk/toolchain/14_2_Rel1/bin/../lib/gcc/arm-none-eabi/14.2.1/../../../../arm-none-eabi/lib/thumb/v6-m/nofp/libg.a(libc_a-mprec.o)
                0x1000eea0                __mprec_tens
                0x1000ef68                        . = ALIGN (0x4)
 *(SORT_BY_ALIGNMENT(SORT_BY_NAME(.flashdata*)))
                0x1000ef68                        . = ALIGN (0x4)

.ARM.extab
 *(.ARM.extab* .gnu.linkonce.armextab.*)
                0x1000ef68                        __exidx_start = .

.ARM.exidx
 *(.ARM.exidx* .gnu.linkonce.armexidx.*)
                0x1000ef68                        __exidx_end = .
                0x1000ef68                        . = ALIGN (0x4)
                0x1000ef68                        __binary_info_start = .

.binary_info    0x1000ef68       0x2c
 *(.binary_info.keep.*)
 .binary_info.keep.__bi_ptr84
                0x1000ef68        0x4 CMakeFiles/PicoDock_TFT_Resistive_Example.dir/home/felipe/.pico-sdk/sdk/2.1.1/src/rp2_common/pico_standard_binary_info/standard_binary_info.c.o
 .binary_info.keep.__bi_ptr78
                0x1000ef6c        0x4 CMakeFiles/PicoDock_TFT_Resistive_Example.dir/home/felipe/.pico-sdk/sdk/2.1.1/src/rp2_common/pico_standard_binary_info/standard_binary_info.c.o
 .binary_info.keep.__bi_ptr60
                0x1000ef70        0x4 CMakeFiles/PicoDock_TFT_Resistive_Example.dir/home/felipe/.pico-sdk/sdk/2.1.1/src/rp2_common/pico_standard_binary_info/standard_binary_info.c.o
 .binary_info.keep.__bi_ptr54
                0x1000ef74        0x4 CMakeFiles/PicoDock_TFT_Resistive_Example.dir/home/felipe/.pico-sdk/sdk/2.1.1/src/rp2_common/pico_standard_binary_info/standard_binary_info.c.o
 .binary_info.keep.__bi_ptr48
                0x1000ef78        0x4 CMakeFiles/PicoDock_TFT_Resistive_Example.dir/home/felipe/.pico-sdk/sdk/2.1.1/src/rp2_common/pico_standard_binary_info/standard_binary_info.c.o
 .binary_info.keep.__bi_ptr42
                0x1000ef7c        0x4 CMakeFiles/PicoDock_TFT_Resistive_Example.dir/home/felipe/.pico-sdk/sdk/2.1.1/src/rp2_common/pico_standard_binary_info/standard_binary_info.c.o
 .binary_info.keep.__bi_ptr34
                0x1000ef80        0x4 CMakeFiles/PicoDock_TFT_Resistive_Example.dir/home/felipe/.pico-sdk/sdk/2.1.1/src/rp2_common/pico_standard_binary_info/standard_binary_info.c.o
 .binary_info.keep.__bi_ptr26
                0x1000ef84        0x4 CMakeFiles/PicoDock_TFT_Resistive_Example.dir/home/felipe/.pico-sdk/sdk/2.1.1/src/rp2_common/pico_standard_binary_info/standard_binary_info.c.o
 *(.binary_info.*)
 .binary_info.__bi_ptr50
                0x1000ef88        0x4 CMakeFiles/PicoDock_TFT_Resistive_Example.dir/home/felipe/.pico-sdk/sdk/2.1.1/src/rp2_common/pico_stdio_uart/stdio_uart.c.o
 .binary_info.__bi_ptr49
                0x1000ef8c        0x4 CMakeFiles/PicoDock_TFT_Resistive_Example.dir/home/felipe/.pico-sdk/sdk/2.1.1/src/rp2_common/pico_stdio_uart/stdio_uart.c.o
 .binary_info.__bi_ptr45
                0x1000ef90        0x4 CMakeFiles/PicoDock_TFT_Resistive_Example.dir/home/felipe/.pico-sdk/sdk/2.1.1/src/rp2_common/pico_stdio_uart/stdio_uart.c.o
                0x1000ef94                        __binary_info_end = .

.rel.dyn        0x1000ef94        0x0
 .rel.iplt      0x1000ef94        0x0 /home/felipe/.pico-sdk/toolchain/14_2_Rel1/bin/../lib/gcc/arm-none-eabi/14.2.1/thumb/v6-m/nofp/crtbegin.o
                0x1000ef94                        . = ALIGN (0x4)

.ram_vector_table
                0x20000000       0xc0
 *(.ram_vector_table)
 .ram_vector_table
                0x20000000       0xc0 CMakeFiles/PicoDock_TFT_Resistive_Example.dir/home/felipe/.pico-sdk/sdk/2.1.1/src/rp2_common/pico_runtime_init/runtime_init.c.o
                0x20000000                ram_vector_table

.uninitialized_data
                0x200000c0        0x0
                0x200000c0                        . = ALIGN (0x4)
 *(.uninitialized_data*)

.data           0x200000c0      0x90c load address 0x1000ef94
                0x200000c0                        __data_start__ = .
 *(vtable)
 *(.time_critical*)
 .time_critical.mutex_try_enter_block_until
                0x200000c0       0x98 CMakeFiles/PicoDock_TFT_Resistive_Example.dir/home/felipe/.pico-sdk/sdk/2.1.1/src/common/pico_sync/mutex.c.o
                0x200000c0                mutex_try_enter_block_until
 .time_critical.mutex_exit
                0x20000158       0x28 CMakeFiles/PicoDock_TFT_Resistive_Example.dir/home/felipe/.pico-sdk/sdk/2.1.1/src/common/pico_sync/mutex.c.o
                0x20000158                mutex_exit
 .time_critical.spi_write_blocking
                0x20000180       0x4c CMakeFiles/PicoDock_TFT_Resistive_Example.dir/home/felipe/.pico-sdk/sdk/2.1.1/src/rp2_common/hardware_spi/spi.c.o
                0x20000180                spi_write_blocking
 .time_critical.spi_write16_blocking
                0x200001cc       0x50 CMakeFiles/PicoDock_TFT_Resistive_Example.dir/home/felipe/.pico-sdk/sdk/2.1.1/src/rp2_common/hardware_spi/spi.c.o
                0x200001cc                spi_write16_blocking
 *(.text*)
 .text          0x2000021c        0x4 /home/felipe/.pico-sdk/toolchain/14_2_Rel1/bin/../lib/gcc/arm-none-eabi/14.2.1/thumb/v6-m/nofp/libgcc.a(_dvmd_tls.o)
                0x2000021c                __aeabi_ldiv0
                0x2000021c                __aeabi_idiv0
 .text.__stub   0x20000220       0x10 linker stubs
                0x20000230                        . = ALIGN (0x4)
 *(.rodata*)
                0x20000230                        . = ALIGN (0x4)
 *(.data*)
 .data.texto_falha
                0x20000230        0x4 CMakeFiles/PicoDock_TFT_Resistive_Example.dir/main.c.o
                0x20000230                texto_falha
 .data.texto_ateu
                0x20000234        0x4 CMakeFiles/PicoDock_TFT_Resistive_Example.dir/main.c.o
                0x20000234                texto_ateu
 .data.texto_padrao
                0x20000238        0x4 CMakeFiles/PicoDock_TFT_Resistive_Example.dir/main.c.o
                0x20000238                texto_padrao
 .data.texto_topo
                0x2000023c        0x4 CMakeFiles/PicoDock_TFT_Resistive_Example.dir/main.c.o
                0x2000023c                texto_topo
 .data.wrap     0x20000240        0x1 CMakeFiles/PicoDock_TFT_Resistive_Example.dir/tft_lcd_ili9341/gfx/gfx.c.o
                0x20000240                wrap
 *fill*         0x20000241        0x1 
 .data.textcolor
                0x20000242        0x2 CMakeFiles/PicoDock_TFT_Resistive_Example.dir/tft_lcd_ili9341/gfx/gfx.c.o
                0x20000242                textcolor
 .data.textsize_y
                0x20000244        0x1 CMakeFiles/PicoDock_TFT_Resistive_Example.dir/tft_lcd_ili9341/gfx/gfx.c.o
                0x20000244                textsize_y
 .data.textsize_x
                0x20000245        0x1 CMakeFiles/PicoDock_TFT_Resistive_Example.dir/tft_lcd_ili9341/gfx/gfx.c.o
                0x20000245                textsize_x
 .data.ili9341_pinTX
                0x20000246        0x2 CMakeFiles/PicoDock_TFT_Resistive_Example.dir/tft_lcd_ili9341/ili9341/ili9341.c.o
                0x20000246                ili9341_pinTX
 .data.ili9341_pinSCK
                0x20000248        0x2 CMakeFiles/PicoDock_TFT_Resistive_Example.dir/tft_lcd_ili9341/ili9341/ili9341.c.o
                0x20000248                ili9341_pinSCK
 .data.ili9341_pinRST
                0x2000024a        0x2 CMakeFiles/PicoDock_TFT_Resistive_Example.dir/tft_lcd_ili9341/ili9341/ili9341.c.o
                0x2000024a                ili9341_pinRST
 .data.ili9341_pinDC
                0x2000024c        0x2 CMakeFiles/PicoDock_TFT_Resistive_Example.dir/tft_lcd_ili9341/ili9341/ili9341.c.o
                0x2000024c                ili9341_pinDC
 .data.ili9341_pinCS
                0x2000024e        0x2 CMakeFiles/PicoDock_TFT_Resistive_Example.dir/tft_lcd_ili9341/ili9341/ili9341.c.o
                0x2000024e                ili9341_pinCS
 .data.ili9341_spi
                0x20000250        0x4 CMakeFiles/PicoDock_TFT_Resistive_Example.dir/tft_lcd_ili9341/ili9341/ili9341.c.o
                0x20000250                ili9341_spi
 .data.striped_spin_lock_num
                0x20000254        0x1 CMakeFiles/PicoDock_TFT_Resistive_Example.dir/home/felipe/.pico-sdk/sdk/2.1.1/src/rp2_common/hardware_sync/sync.c.o
 *fill*         0x20000255        0x3 
 .data          0x20000258       0x48 CMakeFiles/PicoDock_TFT_Resistive_Example.dir/home/felipe/.pico-sdk/sdk/2.1.1/src/rp2_common/hardware_irq/irq_handler_chain.S.o
                0x20000258                irq_handler_chain_slots
                0x20000288                irq_handler_chain_first_slot
                0x20000292                irq_handler_chain_remove_tail
 .data.default_alarm_pool
                0x200002a0       0x18 CMakeFiles/PicoDock_TFT_Resistive_Example.dir/home/felipe/.pico-sdk/sdk/2.1.1/src/common/pico_time/time.c.o
 *fill*         0x200002b8        0x8 
 .data.aeabi_bits_funcs
                0x200002c0       0x10 CMakeFiles/PicoDock_TFT_Resistive_Example.dir/home/felipe/.pico-sdk/sdk/2.1.1/src/rp2_common/pico_bit_ops/bit_ops_aeabi.S.o
                0x200002c0                aeabi_bits_funcs
                0x200002d0                aeabi_bits_funcs_end
 .data.aeabi_mem_funcs
                0x200002d0       0x10 CMakeFiles/PicoDock_TFT_Resistive_Example.dir/home/felipe/.pico-sdk/sdk/2.1.1/src/rp2_common/pico_mem_ops/mem_ops_aeabi.S.o
                0x200002d0                aeabi_mem_funcs
                0x200002e0                aeabi_mem_funcs_end
 .data.stdio_uart
                0x200002e0       0x18 CMakeFiles/PicoDock_TFT_Resistive_Example.dir/home/felipe/.pico-sdk/sdk/2.1.1/src/rp2_common/pico_stdio_uart/stdio_uart.c.o
                0x200002e0                stdio_uart
 .data          0x200002f8        0x4 freertos/libfreertos.a(port.c.o)
 .data.__malloc_sbrk_base
                0x200002fc        0x4 /home/felipe/.pico-sdk/toolchain/14_2_Rel1/bin/../lib/gcc/arm-none-eabi/14.2.1/../../../../arm-none-eabi/lib/thumb/v6-m/nofp/libg.a(libc_a-mallocr.o)
                0x200002fc                __malloc_sbrk_base
 .data.__malloc_trim_threshold
                0x20000300        0x4 /home/felipe/.pico-sdk/toolchain/14_2_Rel1/bin/../lib/gcc/arm-none-eabi/14.2.1/../../../../arm-none-eabi/lib/thumb/v6-m/nofp/libg.a(libc_a-mallocr.o)
                0x20000300                __malloc_trim_threshold
 *fill*         0x20000304        0x4 
 .data.__malloc_av_
                0x20000308      0x408 /home/felipe/.pico-sdk/toolchain/14_2_Rel1/bin/../lib/gcc/arm-none-eabi/14.2.1/../../../../arm-none-eabi/lib/thumb/v6-m/nofp/libg.a(libc_a-mallocr.o)
                0x20000308                __malloc_av_
 .data._impure_ptr
                0x20000710        0x4 /home/felipe/.pico-sdk/toolchain/14_2_Rel1/bin/../lib/gcc/arm-none-eabi/14.2.1/../../../../arm-none-eabi/lib/thumb/v6-m/nofp/libg.a(libc_a-impure.o)
                0x20000710                _impure_ptr
 *fill*         0x20000714        0x4 
 .data._impure_data
                0x20000718      0x140 /home/felipe/.pico-sdk/toolchain/14_2_Rel1/bin/../lib/gcc/arm-none-eabi/14.2.1/../../../../arm-none-eabi/lib/thumb/v6-m/nofp/libg.a(libc_a-impure.o)
                0x20000718                _impure_data
 .data.__global_locale
                0x20000858      0x16c /home/felipe/.pico-sdk/toolchain/14_2_Rel1/bin/../lib/gcc/arm-none-eabi/14.2.1/../../../../arm-none-eabi/lib/thumb/v6-m/nofp/libg.a(libc_a-locale.o)
                0x20000858                __global_locale
                0x200009c4                        . = ALIGN (0x4)
 *(.after_data.*)
                0x200009c4                        . = ALIGN (0x4)
                0x200009c4                        PROVIDE (__mutex_array_start = .)
 *(SORT_BY_NAME(.mutex_array.*))
 *(.mutex_array)
 .mutex_array   0x200009c4        0x8 CMakeFiles/PicoDock_TFT_Resistive_Example.dir/home/felipe/.pico-sdk/sdk/2.1.1/src/rp2_common/pico_stdio/stdio.c.o
                0x200009cc                        PROVIDE (__mutex_array_end = .)
                0x200009cc                        . = ALIGN (0x4)
 *(.jcr)
                0x200009cc                        . = ALIGN (0x4)

.tm_clone_table
                0x200009cc        0x0 load address 0x1000f8a0
 .tm_clone_table
                0x200009cc        0x0 /home/felipe/.pico-sdk/toolchain/14_2_Rel1/bin/../lib/gcc/arm-none-eabi/14.2.1/thumb/v6-m/nofp/crtbegin.o
 .tm_clone_table
                0x200009cc        0x0 /home/felipe/.pico-sdk/toolchain/14_2_Rel1/bin/../lib/gcc/arm-none-eabi/14.2.1/thumb/v6-m/nofp/crtend.o

.igot.plt       0x200009cc        0x0 load address 0x1000f8a0
 .igot.plt      0x200009cc        0x0 /home/felipe/.pico-sdk/toolchain/14_2_Rel1/bin/../lib/gcc/arm-none-eabi/14.2.1/thumb/v6-m/nofp/crtbegin.o

.tdata          0x200009cc        0x0 load address 0x1000f8a0
                0x200009cc                        . = ALIGN (0x4)
 *(.tdata .tdata.* .gnu.linkonce.td.*)
                0x200009cc                        __tdata_end = .
                0x200009cc                        PROVIDE (__data_end__ = .)
                0x1000ef94                        __etext = LOADADDR (.data)

.tbss           0x200009cc        0x0 load address 0x1000f8a0
                0x200009cc                        . = ALIGN (0x4)
                0x200009cc                        __bss_start__ = .
                0x200009cc                        __tls_base = .
 *(.tbss .tbss.* .gnu.linkonce.tb.*)
 *(.tcommon)
                0x200009cc                        __tls_end = .

.bss            0x200009d0      0x7d4 load address 0x1000f8a0
                0x200009d0                        . = ALIGN (0x4)
                0x200009d0                        __tbss_end = .
 *(SORT_BY_ALIGNMENT(SORT_BY_NAME(.bss*)))
 .bss           0x200009d0       0x50 freertos/libfreertos.a(queue.c.o)
                0x200009d0                xQueueRegistry
 .bss.default_alarm_pool_entries
                0x20000a20      0x180 CMakeFiles/PicoDock_TFT_Resistive_Example.dir/home/felipe/.pico-sdk/sdk/2.1.1/src/common/pico_time/time.c.o
 .bss.sd_table  0x20000ba0      0x100 CMakeFiles/PicoDock_TFT_Resistive_Example.dir/home/felipe/.pico-sdk/sdk/2.1.1/src/rp2_common/pico_double/double_init_rom_rp2040.c.o
                0x20000ba0                sd_table
 .bss.sf_table  0x20000ca0      0x100 CMakeFiles/PicoDock_TFT_Resistive_Example.dir/home/felipe/.pico-sdk/sdk/2.1.1/src/rp2_common/pico_float/float_init_rom_rp2040.c.o
                0x20000ca0                sf_table
 .bss           0x20000da0      0x104 freertos/libfreertos.a(tasks.c.o)
                0x20000e38                pxCurrentTCB
 .bss           0x20000ea4       0x3c freertos/libfreertos.a(timers.c.o)
 .bss.__lock___malloc_recursive_mutex
                0x20000ee0        0x1 /home/felipe/.pico-sdk/toolchain/14_2_Rel1/bin/../lib/gcc/arm-none-eabi/14.2.1/../../../../arm-none-eabi/lib/thumb/v6-m/nofp/libg.a(libc_a-lock.o)
                0x20000ee0                __lock___malloc_recursive_mutex
 *fill*         0x20000ee1        0x3 
 .bss.__malloc_current_mallinfo
                0x20000ee4       0x28 /home/felipe/.pico-sdk/toolchain/14_2_Rel1/bin/../lib/gcc/arm-none-eabi/14.2.1/../../../../arm-none-eabi/lib/thumb/v6-m/nofp/libg.a(libc_a-mallocr.o)
                0x20000ee4                __malloc_current_mallinfo
 .bss.__malloc_max_sbrked_mem
                0x20000f0c        0x4 /home/felipe/.pico-sdk/toolchain/14_2_Rel1/bin/../lib/gcc/arm-none-eabi/14.2.1/../../../../arm-none-eabi/lib/thumb/v6-m/nofp/libg.a(libc_a-mallocr.o)
                0x20000f0c                __malloc_max_sbrked_mem
 .bss.__malloc_max_total_mem
                0x20000f10        0x4 /home/felipe/.pico-sdk/toolchain/14_2_Rel1/bin/../lib/gcc/arm-none-eabi/14.2.1/../../../../arm-none-eabi/lib/thumb/v6-m/nofp/libg.a(libc_a-mallocr.o)
                0x20000f10                __malloc_max_total_mem
 .bss.__malloc_top_pad
                0x20000f14        0x4 /home/felipe/.pico-sdk/toolchain/14_2_Rel1/bin/../lib/gcc/arm-none-eabi/14.2.1/../../../../arm-none-eabi/lib/thumb/v6-m/nofp/libg.a(libc_a-mallocr.o)
                0x20000f14                __malloc_top_pad
 .bss.__sf      0x20000f18      0x138 /home/felipe/.pico-sdk/toolchain/14_2_Rel1/bin/../lib/gcc/arm-none-eabi/14.2.1/../../../../arm-none-eabi/lib/thumb/v6-m/nofp/libg.a(libc_a-findfp.o)
                0x20000f18                __sf
 .bss.buffer_ma
                0x20001050       0x28 CMakeFiles/PicoDock_TFT_Resistive_Example.dir/main.c.o
 .bss.chars_available_callback
                0x20001078        0x4 CMakeFiles/PicoDock_TFT_Resistive_Example.dir/home/felipe/.pico-sdk/sdk/2.1.1/src/rp2_common/pico_stdio_uart/stdio_uart.c.o
 .bss.chars_available_param
                0x2000107c        0x4 CMakeFiles/PicoDock_TFT_Resistive_Example.dir/home/felipe/.pico-sdk/sdk/2.1.1/src/rp2_common/pico_stdio_uart/stdio_uart.c.o
 .bss.claimed   0x20001080        0x1 CMakeFiles/PicoDock_TFT_Resistive_Example.dir/home/felipe/.pico-sdk/sdk/2.1.1/src/rp2_common/hardware_timer/timer.c.o
 *fill*         0x20001081        0x3 
 .bss.configured_freq
                0x20001084       0x28 CMakeFiles/PicoDock_TFT_Resistive_Example.dir/home/felipe/.pico-sdk/sdk/2.1.1/src/rp2_common/hardware_clocks/clocks.c.o
 .bss.drivers   0x200010ac        0x4 CMakeFiles/PicoDock_TFT_Resistive_Example.dir/home/felipe/.pico-sdk/sdk/2.1.1/src/rp2_common/pico_stdio/stdio.c.o
 .bss.errno     0x200010b0        0x4 /home/felipe/.pico-sdk/toolchain/14_2_Rel1/bin/../lib/gcc/arm-none-eabi/14.2.1/../../../../arm-none-eabi/lib/thumb/v6-m/nofp/libg.a(libc_a-reent.o)
                0x200010b0                errno
 .bss.filter    0x200010b4        0x4 CMakeFiles/PicoDock_TFT_Resistive_Example.dir/home/felipe/.pico-sdk/sdk/2.1.1/src/rp2_common/pico_stdio/stdio.c.o
 .bss.gfxFont   0x200010b8        0x4 CMakeFiles/PicoDock_TFT_Resistive_Example.dir/tft_lcd_ili9341/gfx/gfx.c.o
                0x200010b8                gfxFont
 .bss.gfxFramebuffer
                0x200010bc        0x4 CMakeFiles/PicoDock_TFT_Resistive_Example.dir/tft_lcd_ili9341/gfx/gfx.c.o
                0x200010bc                gfxFramebuffer
 .bss.heap_end.0
                0x200010c0        0x4 CMakeFiles/PicoDock_TFT_Resistive_Example.dir/home/felipe/.pico-sdk/sdk/2.1.1/src/rp2_common/pico_clib_interface/newlib_interface.c.o
 .bss.high_fault_count
                0x200010c4        0x4 CMakeFiles/PicoDock_TFT_Resistive_Example.dir/main.c.o
 .bss.identical_readings
                0x200010c8        0x4 CMakeFiles/PicoDock_TFT_Resistive_Example.dir/main.c.o
 .bss.idx_ma    0x200010cc        0x4 CMakeFiles/PicoDock_TFT_Resistive_Example.dir/main.c.o
 .bss.integral  0x200010d0        0x4 CMakeFiles/PicoDock_TFT_Resistive_Example.dir/main.c.o
 .bss.last_time
                0x200010d4        0x4 CMakeFiles/PicoDock_TFT_Resistive_Example.dir/main.c.o
 .bss.lazy_vsnprintf
                0x200010d8        0x4 CMakeFiles/PicoDock_TFT_Resistive_Example.dir/home/felipe/.pico-sdk/sdk/2.1.1/src/rp2_common/pico_printf/printf.c.o
 .bss.low_fault_count
                0x200010dc        0x4 CMakeFiles/PicoDock_TFT_Resistive_Example.dir/main.c.o
 .bss.object.0  0x200010e0       0x18 /home/felipe/.pico-sdk/toolchain/14_2_Rel1/bin/../lib/gcc/arm-none-eabi/14.2.1/thumb/v6-m/nofp/crtbegin.o
 .bss.pools     0x200010f8       0x10 CMakeFiles/PicoDock_TFT_Resistive_Example.dir/home/felipe/.pico-sdk/sdk/2.1.1/src/common/pico_time/time.c.o
 .bss.printBuf  0x20001108       0x64 CMakeFiles/PicoDock_TFT_Resistive_Example.dir/tft_lcd_ili9341/gfx/gfx.c.o
                0x20001108                printBuf
 .bss.release_count
                0x2000116c        0x4 CMakeFiles/PicoDock_TFT_Resistive_Example.dir/main.c.o
 .bss.sf_clz_func
                0x20001170        0x4 CMakeFiles/PicoDock_TFT_Resistive_Example.dir/home/felipe/.pico-sdk/sdk/2.1.1/src/rp2_common/pico_double/double_init_rom_rp2040.c.o
                0x20001170                sf_clz_func
 .bss.sleep_notifier
                0x20001174        0x4 CMakeFiles/PicoDock_TFT_Resistive_Example.dir/home/felipe/.pico-sdk/sdk/2.1.1/src/common/pico_time/time.c.o
 .bss.sum_ma    0x20001178        0x4 CMakeFiles/PicoDock_TFT_Resistive_Example.dir/main.c.o
 .bss.touch_count
                0x2000117c        0x4 CMakeFiles/PicoDock_TFT_Resistive_Example.dir/main.c.o
 .bss.uart_char_to_line_feed
                0x20001180        0x4 CMakeFiles/PicoDock_TFT_Resistive_Example.dir/home/felipe/.pico-sdk/sdk/2.1.1/src/rp2_common/hardware_uart/uart.c.o
                0x20001180                uart_char_to_line_feed
 .bss.uart_instance
                0x20001184        0x4 CMakeFiles/PicoDock_TFT_Resistive_Example.dir/home/felipe/.pico-sdk/sdk/2.1.1/src/rp2_common/pico_stdio_uart/stdio_uart.c.o
 .bss._height   0x20001188        0x2 CMakeFiles/PicoDock_TFT_Resistive_Example.dir/tft_lcd_ili9341/ili9341/ili9341.c.o
                0x20001188                _height
 .bss._width    0x2000118a        0x2 CMakeFiles/PicoDock_TFT_Resistive_Example.dir/tft_lcd_ili9341/ili9341/ili9341.c.o
                0x2000118a                _width
 .bss.baseline_raw
                0x2000118c        0x2 CMakeFiles/PicoDock_TFT_Resistive_Example.dir/main.c.o
 .bss.clearColour
                0x2000118e        0x2 CMakeFiles/PicoDock_TFT_Resistive_Example.dir/tft_lcd_ili9341/gfx/gfx.c.o
                0x2000118e                clearColour
 .bss.cursor_x  0x20001190        0x2 CMakeFiles/PicoDock_TFT_Resistive_Example.dir/tft_lcd_ili9341/gfx/gfx.c.o
                0x20001190                cursor_x
 .bss.cursor_y  0x20001192        0x2 CMakeFiles/PicoDock_TFT_Resistive_Example.dir/tft_lcd_ili9341/gfx/gfx.c.o
 .bss.filtered_value
                0x20001194        0x2 CMakeFiles/PicoDock_TFT_Resistive_Example.dir/main.c.o
 .bss.last_raw_reading
                0x20001196        0x2 CMakeFiles/PicoDock_TFT_Resistive_Example.dir/main.c.o
 .bss.textbgcolor
                0x20001198        0x2 CMakeFiles/PicoDock_TFT_Resistive_Example.dir/tft_lcd_ili9341/gfx/gfx.c.o
                0x20001198                textbgcolor
 .bss.touch_threshold
                0x2000119a        0x2 CMakeFiles/PicoDock_TFT_Resistive_Example.dir/main.c.o
 .bss.await_release
                0x2000119c        0x1 CMakeFiles/PicoDock_TFT_Resistive_Example.dir/main.c.o
 .bss.gfxFbUpdated
                0x2000119d        0x1 CMakeFiles/PicoDock_TFT_Resistive_Example.dir/tft_lcd_ili9341/gfx/gfx.c.o
 .bss.irq_handler_chain_free_slot_head
                0x2000119e        0x1 CMakeFiles/PicoDock_TFT_Resistive_Example.dir/home/felipe/.pico-sdk/sdk/2.1.1/src/rp2_common/hardware_irq/irq.c.o
 .bss.rotation  0x2000119f        0x1 CMakeFiles/PicoDock_TFT_Resistive_Example.dir/tft_lcd_ili9341/ili9341/ili9341.c.o
                0x2000119f                rotation
 .bss.sensor_fault
                0x200011a0        0x1 CMakeFiles/PicoDock_TFT_Resistive_Example.dir/main.c.o
 .bss.showing_pain
                0x200011a1        0x1 CMakeFiles/PicoDock_TFT_Resistive_Example.dir/main.c.o
 *(COMMON)
                0x200011a4                        . = ALIGN (0x4)
 *fill*         0x200011a2        0x2 
                0x200011a4                        __bss_end__ = .

.heap           0x200011a4      0x800 load address 0x1000f8a0
                0x200011a4                        __end__ = .
                0x200011a4                        end = __end__
 *(.heap*)
 .heap          0x200011a4      0x800 CMakeFiles/PicoDock_TFT_Resistive_Example.dir/home/felipe/.pico-sdk/sdk/2.1.1/src/rp2_common/pico_crt0/crt0.S.o
                0x20040000                        __HeapLimit = (ORIGIN (RAM) + LENGTH (RAM))

.scratch_x      0x20040000        0x0 load address 0x1000f8a0
                0x20040000                        __scratch_x_start__ = .
 *(.scratch_x.*)
                0x20040000                        . = ALIGN (0x4)
                0x20040000                        __scratch_x_end__ = .
                0x1000f8a0                        __scratch_x_source__ = LOADADDR (.scratch_x)

.scratch_y      0x20041000        0x0 load address 0x1000f8a0
                0x20041000                        __scratch_y_start__ = .
 *(.scratch_y.*)
                0x20041000                        . = ALIGN (0x4)
                0x20041000                        __scratch_y_end__ = .
                0x1000f8a0                        __scratch_y_source__ = LOADADDR (.scratch_y)

.stack1_dummy
 *(.stack1*)

.stack_dummy    0x20041000      0x800
 *(.stack*)
 .stack         0x20041000      0x800 CMakeFiles/PicoDock_TFT_Resistive_Example.dir/home/felipe/.pico-sdk/sdk/2.1.1/src/rp2_common/pico_crt0/crt0.S.o

.flash_end      0x1000f8a0        0x0
 *(.embedded_end_block*)
                0x1000f8a0                        PROVIDE (__flash_binary_end = .)
                0x20040000                        __StackLimit = (ORIGIN (RAM) + LENGTH (RAM))
                0x20041000                        __StackOneTop = (ORIGIN (SCRATCH_X) + LENGTH (SCRATCH_X))
                0x20042000                        __StackTop = (ORIGIN (SCRATCH_Y) + LENGTH (SCRATCH_Y))
                0x20041000                        __StackOneBottom = (__StackOneTop - SIZEOF (.stack1_dummy))
                0x20041800                        __StackBottom = (__StackTop - SIZEOF (.stack_dummy))
                0x20042000                        PROVIDE (__stack = __StackTop)
                [!provide]                        PROVIDE (__heap_start = __end__)
                [!provide]                        PROVIDE (__heap_end = __HeapLimit)